Microsoft Windows [Version 10.0.17134.829]
(c) 2018 Microsoft Corporation. All rights reserved.

C:\Users\kkwtp-pc>sqlplus

SQL*Plus: Release 11.2.0.2.0 Production on Tue Jul 2 13:20:15 2019

Copyright (c) 1982, 2014, Oracle.  All rights reserved.

Enter user-name: system
Enter password:

Connected to:
Oracle Database 11g Express Edition Release 11.2.0.2.0 - 64bit Production

SQL> @C:\oraclexe\app\oracle\product\11.2.0\server\rdbms\admin\utlsampl
Disconnected from Oracle Database 11g Express Edition Release 11.2.0.2.0 - 64bit Production

C:\Users\kkwtp-pc>sqlplus scott/tiger

SQL*Plus: Release 11.2.0.2.0 Production on Tue Jul 2 13:21:58 2019

Copyright (c) 1982, 2014, Oracle.  All rights reserved.


Connected to:
Oracle Database 11g Express Edition Release 11.2.0.2.0 - 64bit Production

SQL> select tname from tab
  2  select tname from tab;
select tname from tab
*
ERROR at line 2:
ORA-00933: SQL command not properly ended


SQL> select tname from tab;

TNAME
------------------------------
BONUS
DEPT
EMP
SALGRADE

SQL> select tname from tab
  2  ;

TNAME
------------------------------
BONUS
DEPT
EMP
SALGRADE

SQL> select sign(-3);
select sign(-3)
              *
ERROR at line 1:
ORA-00923: FROM keyword not found where expected


SQL> select sign(-3) from dual;

  SIGN(-3)
----------
        -1

SQL> select sign-3) from dual;
select sign-3) from dual
             *
ERROR at line 1:
ORA-00923: FROM keyword not found where expected


SQL> select sign(3) from dual;

   SIGN(3)
----------
         1

SQL> SELECT lpad('abs', 5) FROM dual;

LPAD(
-----
  abs

SQL> SELECT rpad('abs', 5) FROM dual;

RPAD(
-----
abs

SQL> SELECT rpad('abs', 1) FROM dual;

R
-
a

SQL> SELECT lpad('abs', 2) FROM dual;

LP
--
ab

SQL> SELECT lpad('abs', 6, '_') FROM dual;

LPAD('
------
___abs

SQL> select ltrim('ajhfak', 'fa');
select ltrim('ajhfak', 'fa')
                           *
ERROR at line 1:
ORA-00923: FROM keyword not found where expected


SQL> select ltrim('ajhfak', 'fa')from dual;

LTRIM
-----
jhfak

SQL> select substr('qwertyuiop', 'qwer') from dual;
select substr('qwertyuiop', 'qwer') from dual
                            *
ERROR at line 1:
ORA-01722: invalid number


SQL> select substr('qwertyuiop', 2) from dual;

SUBSTR('Q
---------
wertyuiop

SQL> SELECT *FROM emp where soundex(ename)= soundex('jon');

no rows selected

SQL> SELECT *FROM emp where soundex(ename)= soundex('alen');

     EMPNO ENAME      JOB              MGR HIREDATE         SAL       COMM
---------- ---------- --------- ---------- --------- ---------- ----------
    DEPTNO
----------
      7499 ALLEN      SALESMAN        7698 20-FEB-81       1600        300
        30


SQL> sysdate()
SP2-0042: unknown command "sysdate()" - rest of line ignored.
SQL> select sysdate from dual;

SYSDATE
---------
02-JUL-19

SQL> select sysdate+ 9 from dual;

SYSDATE+9
---------
11-JUL-19

SQL> select sysdate- 9 from dual;

SYSDATE-9
---------
23-JUN-19

SQL> select sysdate- 9 , add_months(sysdate, 43)from dual;

SYSDATE-9 ADD_MONTH
--------- ---------
23-JUN-19 02-FEB-23

SQL> SELECT last_day('28-oct-12'), last_day('07-may-14'), last_day('02-feb-2000') from dual;

LAST_DAY( LAST_DAY( LAST_DAY(
--------- --------- ---------
31-OCT-12 31-MAY-14 29-FEB-00

SQL> SELECT GREATEST('12-DEC-2321', '06-JAN-1233')FROM DUAL
  2  ;

GREATEST('1
-----------
12-DEC-2321

SQL> SELECT leaST('12-DEC-2321', '06-JAN-1233')FROM DUAL;

LEAST('12-D
-----------
06-JAN-1233

SQL> SELECT GREATEST('12-DEC-2321', '06-JAN-1233', '04-DEC-2020')FROM DUAL;

GREATEST('1
-----------
12-DEC-2321

SQL> SELECT LEAST('12-DEC-2321', '06-JAN-1233', '04-DEC-2020')FROM DUAL;

LEAST('12-D
-----------
04-DEC-2020

SQL> SELECT LEAST(TO_DATE('12-DEC-2321'), TO_DATE('06-JAN-1233'), TO_DATE('04-DEC-2020'))FROM DUAL;

LEAST(TO_
---------
06-JAN-33

SQL> SELECT GREATEST(TO_DATE('12-DEC-2321'), TO_DATE('06-JAN-1233'), TO_DATE('04-DEC-2020'))FROM DUAL;

GREATEST(
---------
12-DEC-21

SQL> SELECT MONTHS_BETWEEN('28-OCT-98', '16-MAY-92') FROM DUAL;

MONTHS_BETWEEN('28-OCT-98','16-MAY-92')
---------------------------------------
                             77.3870968

SQL> SELECT NEXT_DAY FROM('12-JUL-19', 'SUNDAY')FROM DUAL;\
  2  ;
SELECT NEXT_DAY FROM('12-JUL-19', 'SUNDAY')FROM DUAL;\
                     *
ERROR at line 1:
ORA-00903: invalid table name


SQL> SELECT NEXT_DAY FROM('12-JUL-19', 'SUNDAY')FROM DUAL;
SELECT NEXT_DAY FROM('12-JUL-19', 'SUNDAY')FROM DUAL
                     *
ERROR at line 1:
ORA-00903: invalid table name


SQL> SELECT NEXT_DAY('12-JUL-19', 'SUNDAY')FROM DUAL;

NEXT_DAY(
---------
14-JUL-19

SQL> SELECT NEXT_DAY('02-JUL-19', 'SUNDAY')FROM DUAL;

NEXT_DAY(
---------
07-JUL-19

SQL> SELECT TO_CHAR(SYSDATE, 'DD-MM-YYYY HH:MI:SS A.M.') FROM DUAL;

TO_CHAR(SYSDATE,'DD-MM-Y
------------------------
02-07-2019 01:53:18 P.M.

SQL> SELECT TO_CHAR(SYSDATE+ 67, 'DD-MM-YYYY HH:MI:SS A.M.') FROM DUAL;

TO_CHAR(SYSDATE+67,'DD-M
------------------------
07-09-2019 01:53:59 P.M.

SQL> SELECT TO_CHAR(SYSDATE+ 67, 'DD-MM-YYYY HH:MI:SS A.M.+ 9') FROM DUAL;
SELECT TO_CHAR(SYSDATE+ 67, 'DD-MM-YYYY HH:MI:SS A.M.+ 9') FROM DUAL
                            *
ERROR at line 1:
ORA-01821: date format not recognized


SQL> SELECT TO_CHAR(SYSDATE+ 67, 'DD-MONTH-YYYY HH:MI:SS A.M.') FROM DUAL;

TO_CHAR(SYSDATE+67,'DD-MONTH-YYYYHH:MI:SSA.M.')
----------------------------------------------------------
07-SEPTEMBER-2019 01:54:25 P.M.

SQL> SELECT HIREDATE, TO_CHAR(HIREDATE, 'DD-MONTH-YYYY HH:MI:SS A.M.') FROM DUAL;
SELECT HIREDATE, TO_CHAR(HIREDATE, 'DD-MONTH-YYYY HH:MI:SS A.M.') FROM DUAL
                         *
ERROR at line 1:
ORA-00904: "HIREDATE": invalid identifier


SQL> SELECT HIREDATE, TO_CHAR(HIREDATE, 'DD-MONTH-YYYY HH:MI:SS A.M.') FROM EMP;

HIREDATE  TO_CHAR(HIREDATE,'DD-MONTH-YYYYHH:MI:SSA.M.')
--------- ----------------------------------------------------------
17-DEC-80 17-DECEMBER -1980 12:00:00 A.M.
20-FEB-81 20-FEBRUARY -1981 12:00:00 A.M.
22-FEB-81 22-FEBRUARY -1981 12:00:00 A.M.
02-APR-81 02-APRIL    -1981 12:00:00 A.M.
28-SEP-81 28-SEPTEMBER-1981 12:00:00 A.M.
01-MAY-81 01-MAY      -1981 12:00:00 A.M.
09-JUN-81 09-JUNE     -1981 12:00:00 A.M.
19-APR-87 19-APRIL    -1987 12:00:00 A.M.
17-NOV-81 17-NOVEMBER -1981 12:00:00 A.M.
08-SEP-81 08-SEPTEMBER-1981 12:00:00 A.M.
23-MAY-87 23-MAY      -1987 12:00:00 A.M.

HIREDATE  TO_CHAR(HIREDATE,'DD-MONTH-YYYYHH:MI:SSA.M.')
--------- ----------------------------------------------------------
03-DEC-81 03-DECEMBER -1981 12:00:00 A.M.
03-DEC-81 03-DECEMBER -1981 12:00:00 A.M.
23-JAN-82 23-JANUARY  -1982 12:00:00 A.M.

14 rows selected.

SQL> SELECT HIREDATE, TO_CHAR(HIREDATE, 'DD-MONTH-YEAR HH:MI:SS A.M.') FROM EMP;

HIREDATE
---------
TO_CHAR(HIREDATE,'DD-MONTH-YEARHH:MI:SSA.M.')
--------------------------------------------------------------------------------
17-DEC-80
17-DECEMBER -NINETEEN EIGHTY 12:00:00 A.M.

20-FEB-81
20-FEBRUARY -NINETEEN EIGHTY-ONE 12:00:00 A.M.

22-FEB-81
22-FEBRUARY -NINETEEN EIGHTY-ONE 12:00:00 A.M.


HIREDATE
---------
TO_CHAR(HIREDATE,'DD-MONTH-YEARHH:MI:SSA.M.')
--------------------------------------------------------------------------------
02-APR-81
02-APRIL    -NINETEEN EIGHTY-ONE 12:00:00 A.M.

28-SEP-81
28-SEPTEMBER-NINETEEN EIGHTY-ONE 12:00:00 A.M.

01-MAY-81
01-MAY      -NINETEEN EIGHTY-ONE 12:00:00 A.M.


HIREDATE
---------
TO_CHAR(HIREDATE,'DD-MONTH-YEARHH:MI:SSA.M.')
--------------------------------------------------------------------------------
09-JUN-81
09-JUNE     -NINETEEN EIGHTY-ONE 12:00:00 A.M.

19-APR-87
19-APRIL    -NINETEEN EIGHTY-SEVEN 12:00:00 A.M.

17-NOV-81
17-NOVEMBER -NINETEEN EIGHTY-ONE 12:00:00 A.M.


HIREDATE
---------
TO_CHAR(HIREDATE,'DD-MONTH-YEARHH:MI:SSA.M.')
--------------------------------------------------------------------------------
08-SEP-81
08-SEPTEMBER-NINETEEN EIGHTY-ONE 12:00:00 A.M.

23-MAY-87
23-MAY      -NINETEEN EIGHTY-SEVEN 12:00:00 A.M.

03-DEC-81
03-DECEMBER -NINETEEN EIGHTY-ONE 12:00:00 A.M.


HIREDATE
---------
TO_CHAR(HIREDATE,'DD-MONTH-YEARHH:MI:SSA.M.')
--------------------------------------------------------------------------------
03-DEC-81
03-DECEMBER -NINETEEN EIGHTY-ONE 12:00:00 A.M.

23-JAN-82
23-JANUARY  -NINETEEN EIGHTY-TWO 12:00:00 A.M.


14 rows selected.

SQL> SELECT HIREDATE, TO_CHAR('07-JUL-89', 'DD-MONTH-YEAR HH:MI:SS A.M.') FROM EMP;
SELECT HIREDATE, TO_CHAR('07-JUL-89', 'DD-MONTH-YEAR HH:MI:SS A.M.') FROM EMP
                         *
ERROR at line 1:
ORA-01722: invalid number


SQL> SELECT HIREDATE, TO_CHAR(HIREDATE, 'DD-MONTH-YEAR HH24:MI:SS A.M.') FROM EMP;

HIREDATE
---------
TO_CHAR(HIREDATE,'DD-MONTH-YEARHH24:MI:SSA.M.')
--------------------------------------------------------------------------------
17-DEC-80
17-DECEMBER -NINETEEN EIGHTY 00:00:00 A.M.

20-FEB-81
20-FEBRUARY -NINETEEN EIGHTY-ONE 00:00:00 A.M.

22-FEB-81
22-FEBRUARY -NINETEEN EIGHTY-ONE 00:00:00 A.M.


HIREDATE
---------
TO_CHAR(HIREDATE,'DD-MONTH-YEARHH24:MI:SSA.M.')
--------------------------------------------------------------------------------
02-APR-81
02-APRIL    -NINETEEN EIGHTY-ONE 00:00:00 A.M.

28-SEP-81
28-SEPTEMBER-NINETEEN EIGHTY-ONE 00:00:00 A.M.

01-MAY-81
01-MAY      -NINETEEN EIGHTY-ONE 00:00:00 A.M.


HIREDATE
---------
TO_CHAR(HIREDATE,'DD-MONTH-YEARHH24:MI:SSA.M.')
--------------------------------------------------------------------------------
09-JUN-81
09-JUNE     -NINETEEN EIGHTY-ONE 00:00:00 A.M.

19-APR-87
19-APRIL    -NINETEEN EIGHTY-SEVEN 00:00:00 A.M.

17-NOV-81
17-NOVEMBER -NINETEEN EIGHTY-ONE 00:00:00 A.M.


HIREDATE
---------
TO_CHAR(HIREDATE,'DD-MONTH-YEARHH24:MI:SSA.M.')
--------------------------------------------------------------------------------
08-SEP-81
08-SEPTEMBER-NINETEEN EIGHTY-ONE 00:00:00 A.M.

23-MAY-87
23-MAY      -NINETEEN EIGHTY-SEVEN 00:00:00 A.M.

03-DEC-81
03-DECEMBER -NINETEEN EIGHTY-ONE 00:00:00 A.M.


HIREDATE
---------
TO_CHAR(HIREDATE,'DD-MONTH-YEARHH24:MI:SSA.M.')
--------------------------------------------------------------------------------
03-DEC-81
03-DECEMBER -NINETEEN EIGHTY-ONE 00:00:00 A.M.

23-JAN-82
23-JANUARY  -NINETEEN EIGHTY-TWO 00:00:00 A.M.


14 rows selected.

SQL> SELECT HIREDATE, TO_CHAR(HIREDATE, 'DD-MONTH-YEAR HH24:MI:SS') FROM EMP;

HIREDATE
---------
TO_CHAR(HIREDATE,'DD-MONTH-YEARHH24:MI:SS')
--------------------------------------------------------------------------------
17-DEC-80
17-DECEMBER -NINETEEN EIGHTY 00:00:00

20-FEB-81
20-FEBRUARY -NINETEEN EIGHTY-ONE 00:00:00

22-FEB-81
22-FEBRUARY -NINETEEN EIGHTY-ONE 00:00:00


HIREDATE
---------
TO_CHAR(HIREDATE,'DD-MONTH-YEARHH24:MI:SS')
--------------------------------------------------------------------------------
02-APR-81
02-APRIL    -NINETEEN EIGHTY-ONE 00:00:00

28-SEP-81
28-SEPTEMBER-NINETEEN EIGHTY-ONE 00:00:00

01-MAY-81
01-MAY      -NINETEEN EIGHTY-ONE 00:00:00


HIREDATE
---------
TO_CHAR(HIREDATE,'DD-MONTH-YEARHH24:MI:SS')
--------------------------------------------------------------------------------
09-JUN-81
09-JUNE     -NINETEEN EIGHTY-ONE 00:00:00

19-APR-87
19-APRIL    -NINETEEN EIGHTY-SEVEN 00:00:00

17-NOV-81
17-NOVEMBER -NINETEEN EIGHTY-ONE 00:00:00


HIREDATE
---------
TO_CHAR(HIREDATE,'DD-MONTH-YEARHH24:MI:SS')
--------------------------------------------------------------------------------
08-SEP-81
08-SEPTEMBER-NINETEEN EIGHTY-ONE 00:00:00

23-MAY-87
23-MAY      -NINETEEN EIGHTY-SEVEN 00:00:00

03-DEC-81
03-DECEMBER -NINETEEN EIGHTY-ONE 00:00:00


HIREDATE
---------
TO_CHAR(HIREDATE,'DD-MONTH-YEARHH24:MI:SS')
--------------------------------------------------------------------------------
03-DEC-81
03-DECEMBER -NINETEEN EIGHTY-ONE 00:00:00

23-JAN-82
23-JANUARY  -NINETEEN EIGHTY-TWO 00:00:00


14 rows selected.

SQL> SELECT HIREDATE, TO_CHAR(HIREDATE, 'DD-MM-YEAR HH24:MI:SS') FROM EMP;

HIREDATE  TO_CHAR(HIREDATE,'DD-MM-YEARHH24:MI:SS')
--------- ---------------------------------------------------------
17-DEC-80 17-12-NINETEEN EIGHTY 00:00:00
20-FEB-81 20-02-NINETEEN EIGHTY-ONE 00:00:00
22-FEB-81 22-02-NINETEEN EIGHTY-ONE 00:00:00
02-APR-81 02-04-NINETEEN EIGHTY-ONE 00:00:00
28-SEP-81 28-09-NINETEEN EIGHTY-ONE 00:00:00
01-MAY-81 01-05-NINETEEN EIGHTY-ONE 00:00:00
09-JUN-81 09-06-NINETEEN EIGHTY-ONE 00:00:00
19-APR-87 19-04-NINETEEN EIGHTY-SEVEN 00:00:00
17-NOV-81 17-11-NINETEEN EIGHTY-ONE 00:00:00
08-SEP-81 08-09-NINETEEN EIGHTY-ONE 00:00:00
23-MAY-87 23-05-NINETEEN EIGHTY-SEVEN 00:00:00

HIREDATE  TO_CHAR(HIREDATE,'DD-MM-YEARHH24:MI:SS')
--------- ---------------------------------------------------------
03-DEC-81 03-12-NINETEEN EIGHTY-ONE 00:00:00
03-DEC-81 03-12-NINETEEN EIGHTY-ONE 00:00:00
23-JAN-82 23-01-NINETEEN EIGHTY-TWO 00:00:00

14 rows selected.

SQL> SELECT HIREDATE, TO_CHAR(HIREDATE, 'DDRM-MM-YEAR HH24:MI:SS') FROM EMP;

HIREDATE  TO_CHAR(HIREDATE,'DDRM-MM-YEARHH24:MI:SS')
--------- -------------------------------------------------------------
17-DEC-80 17XII -12-NINETEEN EIGHTY 00:00:00
20-FEB-81 20II  -02-NINETEEN EIGHTY-ONE 00:00:00
22-FEB-81 22II  -02-NINETEEN EIGHTY-ONE 00:00:00
02-APR-81 02IV  -04-NINETEEN EIGHTY-ONE 00:00:00
28-SEP-81 28IX  -09-NINETEEN EIGHTY-ONE 00:00:00
01-MAY-81 01V   -05-NINETEEN EIGHTY-ONE 00:00:00
09-JUN-81 09VI  -06-NINETEEN EIGHTY-ONE 00:00:00
19-APR-87 19IV  -04-NINETEEN EIGHTY-SEVEN 00:00:00
17-NOV-81 17XI  -11-NINETEEN EIGHTY-ONE 00:00:00
08-SEP-81 08IX  -09-NINETEEN EIGHTY-ONE 00:00:00
23-MAY-87 23V   -05-NINETEEN EIGHTY-SEVEN 00:00:00

HIREDATE  TO_CHAR(HIREDATE,'DDRM-MM-YEARHH24:MI:SS')
--------- -------------------------------------------------------------
03-DEC-81 03XII -12-NINETEEN EIGHTY-ONE 00:00:00
03-DEC-81 03XII -12-NINETEEN EIGHTY-ONE 00:00:00
23-JAN-82 23I   -01-NINETEEN EIGHTY-TWO 00:00:00

14 rows selected.

SQL> SELECT HIREDATE, TO_CHAR(HIREDATE, 'DD-RMMM-YEAR HH24:MI:SS') FROM EMP;

HIREDATE  TO_CHAR(HIREDATE,'DD-RMMM-YEARHH24:MI:SS')
--------- -------------------------------------------------------------
17-DEC-80 17-XII 12-NINETEEN EIGHTY 00:00:00
20-FEB-81 20-II  02-NINETEEN EIGHTY-ONE 00:00:00
22-FEB-81 22-II  02-NINETEEN EIGHTY-ONE 00:00:00
02-APR-81 02-IV  04-NINETEEN EIGHTY-ONE 00:00:00
28-SEP-81 28-IX  09-NINETEEN EIGHTY-ONE 00:00:00
01-MAY-81 01-V   05-NINETEEN EIGHTY-ONE 00:00:00
09-JUN-81 09-VI  06-NINETEEN EIGHTY-ONE 00:00:00
19-APR-87 19-IV  04-NINETEEN EIGHTY-SEVEN 00:00:00
17-NOV-81 17-XI  11-NINETEEN EIGHTY-ONE 00:00:00
08-SEP-81 08-IX  09-NINETEEN EIGHTY-ONE 00:00:00
23-MAY-87 23-V   05-NINETEEN EIGHTY-SEVEN 00:00:00

HIREDATE  TO_CHAR(HIREDATE,'DD-RMMM-YEARHH24:MI:SS')
--------- -------------------------------------------------------------
03-DEC-81 03-XII 12-NINETEEN EIGHTY-ONE 00:00:00
03-DEC-81 03-XII 12-NINETEEN EIGHTY-ONE 00:00:00
23-JAN-82 23-I   01-NINETEEN EIGHTY-TWO 00:00:00

14 rows selected.

SQL> SELECT HIREDATE, TO_CHAR(HIREDATE, 'DDSPTH-MM-YEAR HH24:MI:SS') FROM EMP;

HIREDATE  TO_CHAR(HIREDATE,'DDSPTH-MM-YEARHH24:MI:SS')
--------- ---------------------------------------------------------------------
17-DEC-80 SEVENTEENTH-12-NINETEEN EIGHTY 00:00:00
20-FEB-81 TWENTIETH-02-NINETEEN EIGHTY-ONE 00:00:00
22-FEB-81 TWENTY-SECOND-02-NINETEEN EIGHTY-ONE 00:00:00
02-APR-81 SECOND-04-NINETEEN EIGHTY-ONE 00:00:00
28-SEP-81 TWENTY-EIGHTH-09-NINETEEN EIGHTY-ONE 00:00:00
01-MAY-81 FIRST-05-NINETEEN EIGHTY-ONE 00:00:00
09-JUN-81 NINTH-06-NINETEEN EIGHTY-ONE 00:00:00
19-APR-87 NINETEENTH-04-NINETEEN EIGHTY-SEVEN 00:00:00
17-NOV-81 SEVENTEENTH-11-NINETEEN EIGHTY-ONE 00:00:00
08-SEP-81 EIGHTH-09-NINETEEN EIGHTY-ONE 00:00:00
23-MAY-87 TWENTY-THIRD-05-NINETEEN EIGHTY-SEVEN 00:00:00

HIREDATE  TO_CHAR(HIREDATE,'DDSPTH-MM-YEARHH24:MI:SS')
--------- ---------------------------------------------------------------------
03-DEC-81 THIRD-12-NINETEEN EIGHTY-ONE 00:00:00
03-DEC-81 THIRD-12-NINETEEN EIGHTY-ONE 00:00:00
23-JAN-82 TWENTY-THIRD-01-NINETEEN EIGHTY-TWO 00:00:00

14 rows selected.

SQL> SELECT HIREDATE, TO_CHAR(HIREDATE, 'DD-DY-MM-YEAR HH24:MI:SS') FROM EMP;

HIREDATE  TO_CHAR(HIREDATE,'DD-DY-MM-YEARHH24:MI:SS')
--------- ----------------------------------------------------------------------
17-DEC-80 17-WED-12-NINETEEN EIGHTY 00:00:00
20-FEB-81 20-FRI-02-NINETEEN EIGHTY-ONE 00:00:00
22-FEB-81 22-SUN-02-NINETEEN EIGHTY-ONE 00:00:00
02-APR-81 02-THU-04-NINETEEN EIGHTY-ONE 00:00:00
28-SEP-81 28-MON-09-NINETEEN EIGHTY-ONE 00:00:00
01-MAY-81 01-FRI-05-NINETEEN EIGHTY-ONE 00:00:00
09-JUN-81 09-TUE-06-NINETEEN EIGHTY-ONE 00:00:00
19-APR-87 19-SUN-04-NINETEEN EIGHTY-SEVEN 00:00:00
17-NOV-81 17-TUE-11-NINETEEN EIGHTY-ONE 00:00:00
08-SEP-81 08-TUE-09-NINETEEN EIGHTY-ONE 00:00:00
23-MAY-87 23-SAT-05-NINETEEN EIGHTY-SEVEN 00:00:00

HIREDATE  TO_CHAR(HIREDATE,'DD-DY-MM-YEARHH24:MI:SS')
--------- ----------------------------------------------------------------------
03-DEC-81 03-THU-12-NINETEEN EIGHTY-ONE 00:00:00
03-DEC-81 03-THU-12-NINETEEN EIGHTY-ONE 00:00:00
23-JAN-82 23-SAT-01-NINETEEN EIGHTY-TWO 00:00:00

14 rows selected.

SQL> SELECT HIREDATE, TO_CHAR(HIREDATE, 'D-DD-DDD-DY-MM-YEAR HH24:MI:SS') FROM EMP;

HIREDATE
---------
TO_CHAR(HIREDATE,'D-DD-DDD-DY-MM-YEARHH24:MI:SS')
----------------------------------------------------------------------------
17-DEC-80
4-17-352-WED-12-NINETEEN EIGHTY 00:00:00

20-FEB-81
6-20-051-FRI-02-NINETEEN EIGHTY-ONE 00:00:00

22-FEB-81
1-22-053-SUN-02-NINETEEN EIGHTY-ONE 00:00:00


HIREDATE
---------
TO_CHAR(HIREDATE,'D-DD-DDD-DY-MM-YEARHH24:MI:SS')
----------------------------------------------------------------------------
02-APR-81
5-02-092-THU-04-NINETEEN EIGHTY-ONE 00:00:00

28-SEP-81
2-28-271-MON-09-NINETEEN EIGHTY-ONE 00:00:00

01-MAY-81
6-01-121-FRI-05-NINETEEN EIGHTY-ONE 00:00:00


HIREDATE
---------
TO_CHAR(HIREDATE,'D-DD-DDD-DY-MM-YEARHH24:MI:SS')
----------------------------------------------------------------------------
09-JUN-81
3-09-160-TUE-06-NINETEEN EIGHTY-ONE 00:00:00

19-APR-87
1-19-109-SUN-04-NINETEEN EIGHTY-SEVEN 00:00:00

17-NOV-81
3-17-321-TUE-11-NINETEEN EIGHTY-ONE 00:00:00


HIREDATE
---------
TO_CHAR(HIREDATE,'D-DD-DDD-DY-MM-YEARHH24:MI:SS')
----------------------------------------------------------------------------
08-SEP-81
3-08-251-TUE-09-NINETEEN EIGHTY-ONE 00:00:00

23-MAY-87
7-23-143-SAT-05-NINETEEN EIGHTY-SEVEN 00:00:00

03-DEC-81
5-03-337-THU-12-NINETEEN EIGHTY-ONE 00:00:00


HIREDATE
---------
TO_CHAR(HIREDATE,'D-DD-DDD-DY-MM-YEARHH24:MI:SS')
----------------------------------------------------------------------------
03-DEC-81
5-03-337-THU-12-NINETEEN EIGHTY-ONE 00:00:00

23-JAN-82
7-23-023-SAT-01-NINETEEN EIGHTY-TWO 00:00:00


14 rows selected.

SQL> SELECT TO_DATE('07/05/2019', 'MM/DD/YYYY') FROM DUAL;

TO_DATE('
---------
05-JUL-19

SQL> SELECT HIREDATE, TO_CHAR(HIREDATE, 'DD-MI-YEAR HH24:MI:SS') FROM EMP;

HIREDATE  TO_CHAR(HIREDATE,'DD-MI-YEARHH24:MI:SS')
--------- ---------------------------------------------------------
17-DEC-80 17-00-NINETEEN EIGHTY 00:00:00
20-FEB-81 20-00-NINETEEN EIGHTY-ONE 00:00:00
22-FEB-81 22-00-NINETEEN EIGHTY-ONE 00:00:00
02-APR-81 02-00-NINETEEN EIGHTY-ONE 00:00:00
28-SEP-81 28-00-NINETEEN EIGHTY-ONE 00:00:00
01-MAY-81 01-00-NINETEEN EIGHTY-ONE 00:00:00
09-JUN-81 09-00-NINETEEN EIGHTY-ONE 00:00:00
19-APR-87 19-00-NINETEEN EIGHTY-SEVEN 00:00:00
17-NOV-81 17-00-NINETEEN EIGHTY-ONE 00:00:00
08-SEP-81 08-00-NINETEEN EIGHTY-ONE 00:00:00
23-MAY-87 23-00-NINETEEN EIGHTY-SEVEN 00:00:00

HIREDATE  TO_CHAR(HIREDATE,'DD-MI-YEARHH24:MI:SS')
--------- ---------------------------------------------------------
03-DEC-81 03-00-NINETEEN EIGHTY-ONE 00:00:00
03-DEC-81 03-00-NINETEEN EIGHTY-ONE 00:00:00
23-JAN-82 23-00-NINETEEN EIGHTY-TWO 00:00:00

14 rows selected.

SQL> select ename from emp where hiredate between '01-01-81' and '31-12-81';
select ename from emp where hiredate between '01-01-81' and '31-12-81'
                                             *
ERROR at line 1:
ORA-01843: not a valid month


SQL> select ename from emp where hiredate between '01-jan-81' and '31-dec-81';

ENAME
----------
ALLEN
WARD
JONES
MARTIN
BLAKE
CLARK
KING
TURNER
JAMES
FORD

10 rows selected.

SQL> select *, months_between(hiredate, sysdate) from emp;
select *, months_between(hiredate, sysdate) from emp
        *
ERROR at line 1:
ORA-00923: FROM keyword not found where expected


SQL> select months_between(hiredate, sysdate) from emp;

MONTHS_BETWEEN(HIREDATE,SYSDATE)
--------------------------------
                      -462.53552
                      -460.43875
                      -460.37423
                            -459
                      -453.18068
                      -458.05165
                      -456.79358
                        -386.471
                      -451.53552
                      -453.82584
                      -385.34197

MONTHS_BETWEEN(HIREDATE,SYSDATE)
--------------------------------
                      -450.98713
                      -450.98713
                      -449.34197

14 rows selected.

SQL> select ename, abs(months_between(hiredate, sysdate)) from emp;

ENAME      ABS(MONTHS_BETWEEN(HIREDATE,SYSDATE))
---------- -------------------------------------
SMITH                                  462.53553
ALLEN                                 460.438756
WARD                                   460.37424
JONES                                        459
MARTIN                                453.180691
BLAKE                                 458.051659
CLARK                                 456.793595
SCOTT                                 386.471014
KING                                   451.53553
TURNER                                453.825853
ADAMS                                 385.341982

ENAME      ABS(MONTHS_BETWEEN(HIREDATE,SYSDATE))
---------- -------------------------------------
JAMES                                 450.987143
FORD                                  450.987143
MILLER                                449.341982

14 rows selected.

SQL> select ename, abs(says_between(hiredate, sysdate)) from emp;
select ename, abs(says_between(hiredate, sysdate)) from emp
                  *
ERROR at line 1:
ORA-00904: "SAYS_BETWEEN": invalid identifier


SQL> select ename, abs(days_between(hiredate, sysdate)) from emp;
select ename, abs(days_between(hiredate, sysdate)) from emp
                  *
ERROR at line 1:
ORA-00904: "DAYS_BETWEEN": invalid identifier


SQL> select ename, abs(years_between(hiredate, sysdate)) from emp;
select ename, abs(years_between(hiredate, sysdate)) from emp
                  *
ERROR at line 1:
ORA-00904: "YEARS_BETWEEN": invalid identifier


SQL> select *, months_between(hiredate, sysdate) from emp;
select *, months_between(hiredate, sysdate) from emp
        *
ERROR at line 1:
ORA-00923: FROM keyword not found where expected


SQL> select ename from emp where hiredate between '01-jan-81' and '31-dec-81';

ENAME
----------
ALLEN
WARD
JONES
MARTIN
BLAKE
CLARK
KING
TURNER
JAMES
FORD

10 rows selected.

SQL> select *, months_between(hiredate, sysdate) from emp;
select *, months_between(hiredate, sysdate) from emp
        *
ERROR at line 1:
ORA-00923: FROM keyword not found where expected


SQL> select ename, abs(months_between(hiredate, sysdate)) from emp;

ENAME      ABS(MONTHS_BETWEEN(HIREDATE,SYSDATE))
---------- -------------------------------------
SMITH                                 462.535554
ALLEN                                  460.43878
WARD                                  460.374264
JONES                                        459
MARTIN                                453.180715
BLAKE                                 458.051683
CLARK                                 456.793619
SCOTT                                 386.471038
KING                                  451.535554
TURNER                                453.825877
ADAMS                                 385.342006

ENAME      ABS(MONTHS_BETWEEN(HIREDATE,SYSDATE))
---------- -------------------------------------
JAMES                                 450.987167
FORD                                  450.987167
MILLER                                449.342006

14 rows selected.

SQL> select ename from emp where (abs(months_between, sysdate))> 3000;
select ename from emp where (abs(months_between, sysdate))> 3000
                             *
ERROR at line 1:
ORA-00909: invalid number of arguments


SQL> select ename from emp where abs(months_between(hiredate, sysdate)> 3000;
select ename from emp where abs(months_between(hiredate, sysdate)> 3000
                                                                 *
ERROR at line 1:
ORA-00907: missing right parenthesis


SQL> select ename from emp where abs(months_between(hiredate, sysdate))> 3000;

no rows selected

SQL> select ename from emp where abs(months_between(hiredate, sysdate))> 300;

ENAME
----------
SMITH
ALLEN
WARD
JONES
MARTIN
BLAKE
CLARK
SCOTT
KING
TURNER
ADAMS

ENAME
----------
JAMES
FORD
MILLER

14 rows selected.

SQL> select ename from emp where hiredate between '01-jan-81' and '31-dec-81';

ENAME
----------
ALLEN
WARD
JONES
MARTIN
BLAKE
CLARK
KING
TURNER
JAMES
FORD

10 rows selected.

SQL> select ename, abs(days_between(hiredate, sysdate))as length from emp;
select ename, abs(days_between(hiredate, sysdate))as length from emp
                  *
ERROR at line 1:
ORA-00904: "DAYS_BETWEEN": invalid identifier


SQL> select ename from emp where hiredate between '01-jan-81' and '31-dec-81';

ENAME
----------
ALLEN
WARD
JONES
MARTIN
BLAKE
CLARK
KING
TURNER
JAMES
FORD

10 rows selected.

SQL> select  months_between(hiredate, sysdate)as length from emp;

    LENGTH
----------
-462.53562
-460.43885
-460.37433
      -459
-453.18078
-458.05175
-456.79369
-386.47111
-451.53562
-453.82594
-385.34207

    LENGTH
----------
-450.98723
-450.98723
-449.34207

14 rows selected.

SQL> select abs( months_between(hiredate, sysdate))as length from emp;

    LENGTH
----------
462.535626
460.438852
460.374335
       459
453.180787
458.051755
 456.79369
 386.47111
451.535626
453.825948
385.342077

    LENGTH
----------
450.987239
450.987239
449.342077

14 rows selected.

SQL> select ename from emp where abs(months_between(hiredate, sysdate))> 300;

ENAME
----------
SMITH
ALLEN
WARD
JONES
MARTIN
BLAKE
CLARK
SCOTT
KING
TURNER
ADAMS

ENAME
----------
JAMES
FORD
MILLER

14 rows selected.

SQL> select * from emp where to_char(hiredate, 'yyyy')= '1981';

     EMPNO ENAME      JOB              MGR HIREDATE         SAL       COMM
---------- ---------- --------- ---------- --------- ---------- ----------
    DEPTNO
----------
      7499 ALLEN      SALESMAN        7698 20-FEB-81       1600        300
        30

      7521 WARD       SALESMAN        7698 22-FEB-81       1250        500
        30

      7566 JONES      MANAGER         7839 02-APR-81       2975
        20


     EMPNO ENAME      JOB              MGR HIREDATE         SAL       COMM
---------- ---------- --------- ---------- --------- ---------- ----------
    DEPTNO
----------
      7654 MARTIN     SALESMAN        7698 28-SEP-81       1250       1400
        30

      7698 BLAKE      MANAGER         7839 01-MAY-81       2850
        30

      7782 CLARK      MANAGER         7839 09-JUN-81       2450
        10


     EMPNO ENAME      JOB              MGR HIREDATE         SAL       COMM
---------- ---------- --------- ---------- --------- ---------- ----------
    DEPTNO
----------
      7839 KING       PRESIDENT            17-NOV-81       5000
        10

      7844 TURNER     SALESMAN        7698 08-SEP-81       1500          0
        30

      7900 JAMES      CLERK           7698 03-DEC-81        950
        30


     EMPNO ENAME      JOB              MGR HIREDATE         SAL       COMM
---------- ---------- --------- ---------- --------- ---------- ----------
    DEPTNO
----------
      7902 FORD       ANALYST         7566 03-DEC-81       3000
        20


10 rows selected.

SQL> select  months_between(hiredate, sysdate)as length from emp;

    LENGTH
----------
-462.53613
-460.43935
-460.37484
      -459
-453.18129
-458.05226
-456.79419
-386.47161
-451.53613
-453.82645
-385.34258

    LENGTH
----------
-450.98774
-450.98774
-449.34258

14 rows selected.

SQL> select ename, abs(days_between(hiredate, sysdate))as length from emp;
select ename, abs(days_between(hiredate, sysdate))as length from emp
                  *
ERROR at line 1:
ORA-00904: "DAYS_BETWEEN": invalid identifier


SQL> select ename, abs(months_between(hiredate, sysdate))as length from emp;

ENAME          LENGTH
---------- ----------
SMITH      462.536139
ALLEN      460.439365
WARD       460.374848
JONES             459
MARTIN       453.1813
BLAKE      458.052268
CLARK      456.794203
SCOTT      386.471623
KING       451.536139
TURNER     453.826461
ADAMS       385.34259

ENAME          LENGTH
---------- ----------
JAMES      450.987752
FORD       450.987752
MILLER      449.34259

14 rows selected.

SQL> select ename, hiredate, dysdate-hiredate AS days,
  2  months_between(sysdate, hiredate) AS months,
  3  months_between(sysdaate, hiredate)/ 12 as years;
months_between(sysdaate, hiredate)/ 12 as years
                                              *
ERROR at line 3:
ORA-00923: FROM keyword not found where expected


SQL> select ename, hiredate, dysdate-hiredate AS days,
  2    2  months_between(sysdate, hiredate) AS months,
  3    3  months_between(sysdate, hiredate)/ 12 as years;
  2  months_between(sysdate, hiredate) AS months,
                   *
ERROR at line 2:
ORA-00923: FROM keyword not found where expected


SQL> select ename, hiredate, dysdate-hiredate AS days,
  2    2  months_between(sysdate, hiredate) AS months,
  3  ;
  2  months_between(sysdate, hiredate) AS months,
                   *
ERROR at line 2:
ORA-00923: FROM keyword not found where expected


SQL> select ename, hiredate, sysdate- hiredate AS days,
  2  months_between (sysdate, hiredate) AS months,
  3  months_between (sysdate, hiredate) AS years;
months_between (sysdate, hiredate) AS years
                                          *
ERROR at line 3:
ORA-00923: FROM keyword not found where expected


SQL> select * from emp
  2  where months_between (sysdate, hiredate)/ 12> 25;

     EMPNO ENAME      JOB              MGR HIREDATE         SAL       COMM
---------- ---------- --------- ---------- --------- ---------- ----------
    DEPTNO
----------
      7369 SMITH      CLERK           7902 17-DEC-80        800
        20

      7499 ALLEN      SALESMAN        7698 20-FEB-81       1600        300
        30

      7521 WARD       SALESMAN        7698 22-FEB-81       1250        500
        30


     EMPNO ENAME      JOB              MGR HIREDATE         SAL       COMM
---------- ---------- --------- ---------- --------- ---------- ----------
    DEPTNO
----------
      7566 JONES      MANAGER         7839 02-APR-81       2975
        20

      7654 MARTIN     SALESMAN        7698 28-SEP-81       1250       1400
        30

      7698 BLAKE      MANAGER         7839 01-MAY-81       2850
        30


     EMPNO ENAME      JOB              MGR HIREDATE         SAL       COMM
---------- ---------- --------- ---------- --------- ---------- ----------
    DEPTNO
----------
      7782 CLARK      MANAGER         7839 09-JUN-81       2450
        10

      7788 SCOTT      ANALYST         7566 19-APR-87       3000
        20

      7839 KING       PRESIDENT            17-NOV-81       5000
        10


     EMPNO ENAME      JOB              MGR HIREDATE         SAL       COMM
---------- ---------- --------- ---------- --------- ---------- ----------
    DEPTNO
----------
      7844 TURNER     SALESMAN        7698 08-SEP-81       1500          0
        30

      7876 ADAMS      CLERK           7788 23-MAY-87       1100
        20

      7900 JAMES      CLERK           7698 03-DEC-81        950
        30


     EMPNO ENAME      JOB              MGR HIREDATE         SAL       COMM
---------- ---------- --------- ---------- --------- ---------- ----------
    DEPTNO
----------
      7902 FORD       ANALYST         7566 03-DEC-81       3000
        20

      7934 MILLER     CLERK           7782 23-JAN-82       1300
        10


14 rows selected.

SQL> select ename, sal, comm, nvl(comm, 0), sal+ nvl(comm, 0) from emp;

ENAME             SAL       COMM NVL(COMM,0) SAL+NVL(COMM,0)
---------- ---------- ---------- ----------- ---------------
SMITH             800                      0             800
ALLEN            1600        300         300            1900
WARD             1250        500         500            1750
JONES            2975                      0            2975
MARTIN           1250       1400        1400            2650
BLAKE            2850                      0            2850
CLARK            2450                      0            2450
SCOTT            3000                      0            3000
KING             5000                      0            5000
TURNER           1500          0           0            1500
ADAMS            1100                      0            1100

ENAME             SAL       COMM NVL(COMM,0) SAL+NVL(COMM,0)
---------- ---------- ---------- ----------- ---------------
JAMES             950                      0             950
FORD             3000                      0            3000
MILLER           1300                      0            1300

14 rows selected.

SQL> select ename, sal, comm, nvl(comm, 0), sal+ nvl(comm, 0)as total salary from emp ;
select ename, sal, comm, nvl(comm, 0), sal+ nvl(comm, 0)as total salary from emp
                                                                 *
ERROR at line 1:
ORA-00923: FROM keyword not found where expected


SQL> select ename, sal, comm, nvl(comm, 0), sal+ nvl(comm, 0)as total_salary from emp ;

ENAME             SAL       COMM NVL(COMM,0) TOTAL_SALARY
---------- ---------- ---------- ----------- ------------
SMITH             800                      0          800
ALLEN            1600        300         300         1900
WARD             1250        500         500         1750
JONES            2975                      0         2975
MARTIN           1250       1400        1400         2650
BLAKE            2850                      0         2850
CLARK            2450                      0         2450
SCOTT            3000                      0         3000
KING             5000                      0         5000
TURNER           1500          0           0         1500
ADAMS            1100                      0         1100

ENAME             SAL       COMM NVL(COMM,0) TOTAL_SALARY
---------- ---------- ---------- ----------- ------------
JAMES             950                      0          950
FORD             3000                      0         3000
MILLER           1300                      0         1300

14 rows selected.

SQL> select ename, sal, comm, nvl2(comm,'app', 'na'), sal+ nvl(comm, 0)as total_salary from emp ;

ENAME             SAL       COMM NVL TOTAL_SALARY
---------- ---------- ---------- --- ------------
SMITH             800            na           800
ALLEN            1600        300 app         1900
WARD             1250        500 app         1750
JONES            2975            na          2975
MARTIN           1250       1400 app         2650
BLAKE            2850            na          2850
CLARK            2450            na          2450
SCOTT            3000            na          3000
KING             5000            na          5000
TURNER           1500          0 app         1500
ADAMS            1100            na          1100

ENAME             SAL       COMM NVL TOTAL_SALARY
---------- ---------- ---------- --- ------------
JAMES             950            na           950
FORD             3000            na          3000
MILLER           1300            na          1300

14 rows selected.

SQL> SELECT ENAME DECODE(JOB, 'CLERK', 'ADMINDTAFF') FROM EMP ;
SELECT ENAME DECODE(JOB, 'CLERK', 'ADMINDTAFF') FROM EMP
                   *
ERROR at line 1:
ORA-00923: FROM keyword not found where expected


SQL> SELECT ENAME DECODE(JOB, 'CLERK', 'ADMINDTAFF',JOB) FROM EMP ;
SELECT ENAME DECODE(JOB, 'CLERK', 'ADMINDTAFF',JOB) FROM EMP
                   *
ERROR at line 1:
ORA-00923: FROM keyword not found where expected


SQL> SELECT FROM EMP ;
SELECT FROM EMP
       *
ERROR at line 1:
ORA-00936: missing expression


SQL> SQL> select * from emp
SP2-0734: unknown command beginning "SQL> selec..." - rest of line ignored.
SQL>   2  where months_between (sysdate, hiredate)/ 12> 25;
SQL>
SQL>      EMPNO ENAME      JOB              MGR HIREDATE         SAL       COMM
SP2-0734: unknown command beginning "EMPNO ENAM..." - rest of line ignored.
SQL> ---------- ---------- --------- ---------- --------- ---------- ----------
SQL>     DEPTNO
SP2-0042: unknown command "DEPTNO" - rest of line ignored.
SQL> ----------
SQL>       7369 SMITH      CLERK           7902 17-DEC-80        800
SQL>         20
SP2-0226: Invalid line number
SQL>
SQL>       7499 ALLEN      SALESMAN        7698 20-FEB-81       1600        300
SQL>         30
SP2-0226: Invalid line number
SQL>
SQL>       7521 WARD       SALESMAN        7698 22-FEB-81       1250        500
SQL>         30
SP2-0226: Invalid line number
SQL>
SQL>
SQL>      EMPNO ENAME      JOB              MGR HIREDATE         SAL       COMM
SP2-0734: unknown command beginning "EMPNO ENAM..." - rest of line ignored.
SQL> ---------- ---------- --------- ---------- --------- ---------- ----------
SQL>     DEPTNO
SP2-0042: unknown command "DEPTNO" - rest of line ignored.
SQL> ----------
SQL>       7566 JONES      MANAGER         7839 02-APR-81       2975
SQL>         20
SP2-0226: Invalid line number
SQL>
SQL>       7654 MARTIN     SALESMAN        7698 28-SEP-81       1250       1400
SQL>         30
SP2-0226: Invalid line number
SQL>
SQL>       7698 BLAKE      MANAGER         7839 01-MAY-81       2850
SQL>         30
SP2-0226: Invalid line number
SQL>
SQL>
SQL>      EMPNO ENAME      JOB              MGR HIREDATE         SAL       COMM
SP2-0734: unknown command beginning "EMPNO ENAM..." - rest of line ignored.
SQL> ---------- ---------- --------- ---------- --------- ---------- ----------
SQL>     DEPTNO
SP2-0042: unknown command "DEPTNO" - rest of line ignored.
SQL> ----------
SQL>       7782 CLARK      MANAGER         7839 09-JUN-81       2450
SQL>         10
SP2-0226: Invalid line number
SQL>
SQL>       7788 SCOTT      ANALYST         7566 19-APR-87       3000
SQL>         20
SP2-0226: Invalid line number
SQL>
SQL>       7839 KING       PRESIDENT            17-NOV-81       5000
SQL>         10
 10* SCOTT      ANALYST         7566 19-APR-87       3000
SQL>
SQL>
SQL>      EMPNO ENAME      JOB              MGR HIREDATE         SAL       COMM
SP2-0734: unknown command beginning "EMPNO ENAM..." - rest of line ignored.
SQL> ---------- ---------- --------- ---------- --------- ---------- ----------
SQL>     DEPTNO
SP2-0042: unknown command "DEPTNO" - rest of line ignored.
SQL> ----------
SQL>       7844 TURNER     SALESMAN        7698 08-SEP-81       1500          0
SQL>         30
SP2-0226: Invalid line number
SQL>
SQL>       7876 ADAMS      CLERK           7788 23-MAY-87       1100
SQL>         20
SP2-0226: Invalid line number
SQL>
SQL>       7900 JAMES      CLERK           7698 03-DEC-81        950
SQL>         30
SP2-0226: Invalid line number
SQL>
SQL>
SQL>      EMPNO ENAME      JOB              MGR HIREDATE         SAL       COMM
SP2-0734: unknown command beginning "EMPNO ENAM..." - rest of line ignored.
SQL> ---------- ---------- --------- ---------- --------- ---------- ----------
SQL>     DEPTNO
SP2-0042: unknown command "DEPTNO" - rest of line ignored.
SQL> ----------
SQL>       7902 FORD       ANALYST         7566 03-DEC-81       3000
SQL>         20
SP2-0226: Invalid line number
SQL>
SQL>       7934 MILLER     CLERK           7782 23-JAN-82       1300
SQL>         10
 10* SCOTT      ANALYST         7566 19-APR-87       3000
SQL>
SQL>
SQL> ;
  1  SELECT FROM EMP
  2   where months_between (sysdate, hiredate)/ 12> 25
  3  SMITH      CLERK           7902 17-DEC-80        800
  4  ALLEN      SALESMAN        7698 20-FEB-81       1600        300
  5  WARD       SALESMAN        7698 22-FEB-81       1250        500
  6  JONES      MANAGER         7839 02-APR-81       2975
  7  MARTIN     SALESMAN        7698 28-SEP-81       1250       1400
  8  BLAKE      MANAGER         7839 01-MAY-81       2850
  9  CLARK      MANAGER         7839 09-JUN-81       2450
 10  SCOTT      ANALYST         7566 19-APR-87       3000
 11  KING       PRESIDENT            17-NOV-81       5000
 12  TURNER     SALESMAN        7698 08-SEP-81       1500          0
 13  ADAMS      CLERK           7788 23-MAY-87       1100
 14  JAMES      CLERK           7698 03-DEC-81        950
 15  FORD       ANALYST         7566 03-DEC-81       3000
 16* MILLER     CLERK           7782 23-JAN-82       1300
SQL> SELECT FROM EMP WHERE DECODE(JOB, 'CLERK', 'ADMINSTAFF', JOB);
SELECT FROM EMP WHERE DECODE(JOB, 'CLERK', 'ADMINSTAFF', JOB)
       *
ERROR at line 1:
ORA-00936: missing expression


SQL> SELECT DECODE(JOB, 'CLERK', 'ADMINSTAFF', JOB) AS JOB_DESCRIPTION FROM EMP;

JOB_DESCRI
----------
ADMINSTAFF
SALESMAN
SALESMAN
MANAGER
SALESMAN
MANAGER
MANAGER
ANALYST
PRESIDENT
SALESMAN
ADMINSTAFF

JOB_DESCRI
----------
ADMINSTAFF
ANALYST
ADMINSTAFF

14 rows selected.

SQL> SELECT ENAME, DECODE(JOB, 'CLERK', 'ADMINSTAFF', 'MANAGER', 'EXECUTIVE', 'ANALYST', 'RNDSTAFF' JOB) AS JOB_DESCRIPTION FROM EMP;
SELECT ENAME, DECODE(JOB, 'CLERK', 'ADMINSTAFF', 'MANAGER', 'EXECUTIVE', 'ANALYST', 'RNDSTAFF' JOB) AS JOB_DESCRIPTION FROM EMP
                                                                                               *
ERROR at line 1:
ORA-00907: missing right parenthesis


SQL> SELECT ENAME, DECODE(JOB, 'CLERK', 'ADMINSTAFF', 'MANAGER', 'EXECUTIVE', 'ANALYST', 'RNDSTAFF', JOB) AS JOB_DESCRIPTION FROM EMP;

ENAME      JOB_DESCRI
---------- ----------
SMITH      ADMINSTAFF
ALLEN      SALESMAN
WARD       SALESMAN
JONES      EXECUTIVE
MARTIN     SALESMAN
BLAKE      EXECUTIVE
CLARK      EXECUTIVE
SCOTT      RNDSTAFF
KING       PRESIDENT
TURNER     SALESMAN
ADAMS      ADMINSTAFF

ENAME      JOB_DESCRI
---------- ----------
JAMES      ADMINSTAFF
FORD       RNDSTAFF
MILLER     ADMINSTAFF

14 rows selected.

SQL> SELECT ENAME, JOB, DECODE(JOB, 'CLERK', 'ADMINSTAFF', 'MANAGER', 'EXECUTIVE', 'ANALYST', 'RNDSTAFF', JOB) AS JOB_DESCRIPTION FROM EMP;

ENAME      JOB       JOB_DESCRI
---------- --------- ----------
SMITH      CLERK     ADMINSTAFF
ALLEN      SALESMAN  SALESMAN
WARD       SALESMAN  SALESMAN
JONES      MANAGER   EXECUTIVE
MARTIN     SALESMAN  SALESMAN
BLAKE      MANAGER   EXECUTIVE
CLARK      MANAGER   EXECUTIVE
SCOTT      ANALYST   RNDSTAFF
KING       PRESIDENT PRESIDENT
TURNER     SALESMAN  SALESMAN
ADAMS      CLERK     ADMINSTAFF

ENAME      JOB       JOB_DESCRI
---------- --------- ----------
JAMES      CLERK     ADMINSTAFF
FORD       ANALYST   RNDSTAFF
MILLER     CLERK     ADMINSTAFF

14 rows selected.

SQL> SELECT ENAME, JOB
  2  FROM EMP ;

ENAME      JOB
---------- ---------
SMITH      CLERK
ALLEN      SALESMAN
WARD       SALESMAN
JONES      MANAGER
MARTIN     SALESMAN
BLAKE      MANAGER
CLARK      MANAGER
SCOTT      ANALYST
KING       PRESIDENT
TURNER     SALESMAN
ADAMS      CLERK

ENAME      JOB
---------- ---------
JAMES      CLERK
FORD       ANALYST
MILLER     CLERK

14 rows selected.

SQL> SELECT ENAME, JOB, CASE JOB WHEN CLERK THEN ADMINSTAFF WHEN MANAGER THEN EXECUTIVE WHEN ANALYST THEN RNDSTAFF ELSE JOB FROM EMP;
SELECT ENAME, JOB, CASE JOB WHEN CLERK THEN ADMINSTAFF WHEN MANAGER THEN EXECUTIVE WHEN ANALYST THEN RNDSTAFF ELSE JOB FROM EMP
                                                                                                                       *
ERROR at line 1:
ORA-00905: missing keyword


SQL> SELECT ENAME, JOB, CASE JOB WHEN CLERK THEN ADMINSTAFF WHEN MANAGER THEN EXECUTIVE WHEN ANALYST THEN RNDSTAFF ELSE JOB END FROM EMP;
SELECT ENAME, JOB, CASE JOB WHEN CLERK THEN ADMINSTAFF WHEN MANAGER THEN EXECUTIVE WHEN ANALYST THEN RNDSTAFF ELSE JOB END FROM EMP
                                                                                                     *
ERROR at line 1:
ORA-00904: "RNDSTAFF": invalid identifier


SQL> SELECT ENAME, JOB, CASE JOB WHEN 'CLERK' THEN 'ADMINSTAFF' WHEN 'MANAGER' THEN 'EXECUTIVE' WHEN 'ANALYST' THEN 'RNDSTAFF' ELSE JOB END FROM EMP;

ENAME      JOB       CASEJOBWHE
---------- --------- ----------
SMITH      CLERK     ADMINSTAFF
ALLEN      SALESMAN  SALESMAN
WARD       SALESMAN  SALESMAN
JONES      MANAGER   EXECUTIVE
MARTIN     SALESMAN  SALESMAN
BLAKE      MANAGER   EXECUTIVE
CLARK      MANAGER   EXECUTIVE
SCOTT      ANALYST   RNDSTAFF
KING       PRESIDENT PRESIDENT
TURNER     SALESMAN  SALESMAN
ADAMS      CLERK     ADMINSTAFF

ENAME      JOB       CASEJOBWHE
---------- --------- ----------
JAMES      CLERK     ADMINSTAFF
FORD       ANALYST   RNDSTAFF
MILLER     CLERK     ADMINSTAFF

14 rows selected.

SQL> SELECT ENAME, JOB
  2  CASE JOB
  3  WHEN 'CLERK' THEN 'ADMINSTAFF'
  4  WHEN 'MANAGER' THEN 'EXECUTIVE'
  5  WHEN 'ANALYST' THEN 'RNDSTAFF'
  6  ELSE JOB
  7  END
  8  FROM EMP;
CASE JOB
     *
ERROR at line 2:
ORA-00923: FROM keyword not found where expected


SQL> SELECT ENAME, SAL AS GRADE CASE SAL WHEN SAL< 1000 THEN 'VL' WHEN SAL BETWEEN 1000 AND 2000 THEN 'L' WHEN SAL BETWEEN 2000 AND 3000 THEN 'M' WHEN SAL BETWEEN 3000 AND 4000 THEN 'H' WHEN SAL> 4000 THEN 'VH' FROM EMP;
SELECT ENAME, SAL AS GRADE CASE SAL WHEN SAL< 1000 THEN 'VL' WHEN SAL BETWEEN 1000 AND 2000 THEN 'L' WHEN SAL BETWEEN 2000 AND 3000 THEN 'M' WHEN SAL BETWEEN 3000 AND 4000 THEN 'H' WHEN SAL> 4000 THEN 'VH' FROM EMP
                           *
ERROR at line 1:
ORA-00923: FROM keyword not found where expected


SQL> SELECT ENAME, SAL AS GRADE CASE SAL WHEN SAL< 1000 THEN 'VL' WHEN SAL BETWEEN 1000 AND 2000 THEN 'L' WHEN SAL BETWEEN 2000 AND 3000 THEN 'M' WHEN SAL BETWEEN 3000 AND 4000 THEN 'H' WHEN SAL> 4000 THEN 'VH' END FROM EMP;
SELECT ENAME, SAL AS GRADE CASE SAL WHEN SAL< 1000 THEN 'VL' WHEN SAL BETWEEN 1000 AND 2000 THEN 'L' WHEN SAL BETWEEN 2000 AND 3000 THEN 'M' WHEN SAL BETWEEN 3000 AND 4000 THEN 'H' WHEN SAL> 4000 THEN 'VH' END FROM EMP
                           *
ERROR at line 1:
ORA-00923: FROM keyword not found where expected


SQL> SELECT ENAME, SAL AS GRADE CASE SAL WHEN SAL< 1000 THEN 'VL' WHEN SAL BETWEEN 1000 AND 2000 THEN 'L' WHEN SAL BETWEEN 2000 AND 3000 THEN 'M' WHEN SAL BETWEEN 3000 AND 4000 THEN 'H' END FROM EMP;
SELECT ENAME, SAL AS GRADE CASE SAL WHEN SAL< 1000 THEN 'VL' WHEN SAL BETWEEN 1000 AND 2000 THEN 'L' WHEN SAL BETWEEN 2000 AND 3000 THEN 'M' WHEN SAL BETWEEN 3000 AND 4000 THEN 'H' END FROM EMP
                           *
ERROR at line 1:
ORA-00923: FROM keyword not found where expected


SQL> SELECT ENAME, SAL AS GRADE
  2  CASE SAL< 1000 THEN 'VL'
  3  ;
CASE SAL< 1000 THEN 'VL'
*
ERROR at line 2:
ORA-00923: FROM keyword not found where expected


SQL> SELECT ENAME, SAL AS GRADE
  2  CASE SAL
  3  WHEN SAL< 1000 THEN 'VL'
  4  ELSE 'VH'
  5  END
  6  FROM EMP;
CASE SAL
*
ERROR at line 2:
ORA-00923: FROM keyword not found where expected


SQL> SELECT ENAME, SAL AS GRADE
  2  CASE
  3  WHEN SAL< 1000 THEN 'VL'
  4  ELSE 'VH'
  5  END
  6  FROM EMP;
CASE
*
ERROR at line 2:
ORA-00923: FROM keyword not found where expected


SQL> SELECT ENAME, SAL,
  2  CASE
  3  WHEN SAL< 1000 THEN 'VL'
  4  ELSE 'VH'
  5  END
  6  FROM EMP;

ENAME             SAL CA
---------- ---------- --
SMITH             800 VL
ALLEN            1600 VH
WARD             1250 VH
JONES            2975 VH
MARTIN           1250 VH
BLAKE            2850 VH
CLARK            2450 VH
SCOTT            3000 VH
KING             5000 VH
TURNER           1500 VH
ADAMS            1100 VH

ENAME             SAL CA
---------- ---------- --
JAMES             950 VL
FORD             3000 VH
MILLER           1300 VH

14 rows selected.

SQL> SEELCT ENAME, SAL,
SP2-0734: unknown command beginning "SEELCT ENA..." - rest of line ignored.
SQL> SELECT ENAME, SAL,
  2  CASE
  3  WHEN SAL< 1000 THEN 'VL'
  4  WHEN SAL BETWEEN 1000 AND 2000 THEN 'L'
  5  WHEN SAL< 3000 THEN 'M'
  6  WHEN SAL< 4000 THEN 'H'
  7  ELSE 'VH'
  8  END
  9  FROM EMP;

ENAME             SAL CA
---------- ---------- --
SMITH             800 VL
ALLEN            1600 L
WARD             1250 L
JONES            2975 M
MARTIN           1250 L
BLAKE            2850 M
CLARK            2450 M
SCOTT            3000 H
KING             5000 VH
TURNER           1500 L
ADAMS            1100 L

ENAME             SAL CA
---------- ---------- --
JAMES             950 VL
FORD             3000 H
MILLER           1300 L

14 rows selected.

SQL> SELECT * FROM EMP, DEPT;

     EMPNO ENAME      JOB              MGR HIREDATE         SAL       COMM
---------- ---------- --------- ---------- --------- ---------- ----------
    DEPTNO     DEPTNO DNAME          LOC
---------- ---------- -------------- -------------
      7369 SMITH      CLERK           7902 17-DEC-80        800
        20         10 ACCOUNTING     NEW YORK

      7499 ALLEN      SALESMAN        7698 20-FEB-81       1600        300
        30         10 ACCOUNTING     NEW YORK

      7521 WARD       SALESMAN        7698 22-FEB-81       1250        500
        30         10 ACCOUNTING     NEW YORK


     EMPNO ENAME      JOB              MGR HIREDATE         SAL       COMM
---------- ---------- --------- ---------- --------- ---------- ----------
    DEPTNO     DEPTNO DNAME          LOC
---------- ---------- -------------- -------------
      7566 JONES      MANAGER         7839 02-APR-81       2975
        20         10 ACCOUNTING     NEW YORK

      7654 MARTIN     SALESMAN        7698 28-SEP-81       1250       1400
        30         10 ACCOUNTING     NEW YORK

      7698 BLAKE      MANAGER         7839 01-MAY-81       2850
        30         10 ACCOUNTING     NEW YORK


     EMPNO ENAME      JOB              MGR HIREDATE         SAL       COMM
---------- ---------- --------- ---------- --------- ---------- ----------
    DEPTNO     DEPTNO DNAME          LOC
---------- ---------- -------------- -------------
      7782 CLARK      MANAGER         7839 09-JUN-81       2450
        10         10 ACCOUNTING     NEW YORK

      7788 SCOTT      ANALYST         7566 19-APR-87       3000
        20         10 ACCOUNTING     NEW YORK

      7839 KING       PRESIDENT            17-NOV-81       5000
        10         10 ACCOUNTING     NEW YORK


     EMPNO ENAME      JOB              MGR HIREDATE         SAL       COMM
---------- ---------- --------- ---------- --------- ---------- ----------
    DEPTNO     DEPTNO DNAME          LOC
---------- ---------- -------------- -------------
      7844 TURNER     SALESMAN        7698 08-SEP-81       1500          0
        30         10 ACCOUNTING     NEW YORK

      7876 ADAMS      CLERK           7788 23-MAY-87       1100
        20         10 ACCOUNTING     NEW YORK

      7900 JAMES      CLERK           7698 03-DEC-81        950
        30         10 ACCOUNTING     NEW YORK


     EMPNO ENAME      JOB              MGR HIREDATE         SAL       COMM
---------- ---------- --------- ---------- --------- ---------- ----------
    DEPTNO     DEPTNO DNAME          LOC
---------- ---------- -------------- -------------
      7902 FORD       ANALYST         7566 03-DEC-81       3000
        20         10 ACCOUNTING     NEW YORK

      7934 MILLER     CLERK           7782 23-JAN-82       1300
        10         10 ACCOUNTING     NEW YORK

      7369 SMITH      CLERK           7902 17-DEC-80        800
        20         20 RESEARCH       DALLAS


     EMPNO ENAME      JOB              MGR HIREDATE         SAL       COMM
---------- ---------- --------- ---------- --------- ---------- ----------
    DEPTNO     DEPTNO DNAME          LOC
---------- ---------- -------------- -------------
      7499 ALLEN      SALESMAN        7698 20-FEB-81       1600        300
        30         20 RESEARCH       DALLAS

      7521 WARD       SALESMAN        7698 22-FEB-81       1250        500
        30         20 RESEARCH       DALLAS

      7566 JONES      MANAGER         7839 02-APR-81       2975
        20         20 RESEARCH       DALLAS


     EMPNO ENAME      JOB              MGR HIREDATE         SAL       COMM
---------- ---------- --------- ---------- --------- ---------- ----------
    DEPTNO     DEPTNO DNAME          LOC
---------- ---------- -------------- -------------
      7654 MARTIN     SALESMAN        7698 28-SEP-81       1250       1400
        30         20 RESEARCH       DALLAS

      7698 BLAKE      MANAGER         7839 01-MAY-81       2850
        30         20 RESEARCH       DALLAS

      7782 CLARK      MANAGER         7839 09-JUN-81       2450
        10         20 RESEARCH       DALLAS


     EMPNO ENAME      JOB              MGR HIREDATE         SAL       COMM
---------- ---------- --------- ---------- --------- ---------- ----------
    DEPTNO     DEPTNO DNAME          LOC
---------- ---------- -------------- -------------
      7788 SCOTT      ANALYST         7566 19-APR-87       3000
        20         20 RESEARCH       DALLAS

      7839 KING       PRESIDENT            17-NOV-81       5000
        10         20 RESEARCH       DALLAS

      7844 TURNER     SALESMAN        7698 08-SEP-81       1500          0
        30         20 RESEARCH       DALLAS


     EMPNO ENAME      JOB              MGR HIREDATE         SAL       COMM
---------- ---------- --------- ---------- --------- ---------- ----------
    DEPTNO     DEPTNO DNAME          LOC
---------- ---------- -------------- -------------
      7876 ADAMS      CLERK           7788 23-MAY-87       1100
        20         20 RESEARCH       DALLAS

      7900 JAMES      CLERK           7698 03-DEC-81        950
        30         20 RESEARCH       DALLAS

      7902 FORD       ANALYST         7566 03-DEC-81       3000
        20         20 RESEARCH       DALLAS


     EMPNO ENAME      JOB              MGR HIREDATE         SAL       COMM
---------- ---------- --------- ---------- --------- ---------- ----------
    DEPTNO     DEPTNO DNAME          LOC
---------- ---------- -------------- -------------
      7934 MILLER     CLERK           7782 23-JAN-82       1300
        10         20 RESEARCH       DALLAS

      7369 SMITH      CLERK           7902 17-DEC-80        800
        20         30 SALES          CHICAGO

      7499 ALLEN      SALESMAN        7698 20-FEB-81       1600        300
        30         30 SALES          CHICAGO


     EMPNO ENAME      JOB              MGR HIREDATE         SAL       COMM
---------- ---------- --------- ---------- --------- ---------- ----------
    DEPTNO     DEPTNO DNAME          LOC
---------- ---------- -------------- -------------
      7521 WARD       SALESMAN        7698 22-FEB-81       1250        500
        30         30 SALES          CHICAGO

      7566 JONES      MANAGER         7839 02-APR-81       2975
        20         30 SALES          CHICAGO

      7654 MARTIN     SALESMAN        7698 28-SEP-81       1250       1400
        30         30 SALES          CHICAGO


     EMPNO ENAME      JOB              MGR HIREDATE         SAL       COMM
---------- ---------- --------- ---------- --------- ---------- ----------
    DEPTNO     DEPTNO DNAME          LOC
---------- ---------- -------------- -------------
      7698 BLAKE      MANAGER         7839 01-MAY-81       2850
        30         30 SALES          CHICAGO

      7782 CLARK      MANAGER         7839 09-JUN-81       2450
        10         30 SALES          CHICAGO

      7788 SCOTT      ANALYST         7566 19-APR-87       3000
        20         30 SALES          CHICAGO


     EMPNO ENAME      JOB              MGR HIREDATE         SAL       COMM
---------- ---------- --------- ---------- --------- ---------- ----------
    DEPTNO     DEPTNO DNAME          LOC
---------- ---------- -------------- -------------
      7839 KING       PRESIDENT            17-NOV-81       5000
        10         30 SALES          CHICAGO

      7844 TURNER     SALESMAN        7698 08-SEP-81       1500          0
        30         30 SALES          CHICAGO

      7876 ADAMS      CLERK           7788 23-MAY-87       1100
        20         30 SALES          CHICAGO


     EMPNO ENAME      JOB              MGR HIREDATE         SAL       COMM
---------- ---------- --------- ---------- --------- ---------- ----------
    DEPTNO     DEPTNO DNAME          LOC
---------- ---------- -------------- -------------
      7900 JAMES      CLERK           7698 03-DEC-81        950
        30         30 SALES          CHICAGO

      7902 FORD       ANALYST         7566 03-DEC-81       3000
        20         30 SALES          CHICAGO

      7934 MILLER     CLERK           7782 23-JAN-82       1300
        10         30 SALES          CHICAGO


     EMPNO ENAME      JOB              MGR HIREDATE         SAL       COMM
---------- ---------- --------- ---------- --------- ---------- ----------
    DEPTNO     DEPTNO DNAME          LOC
---------- ---------- -------------- -------------
      7369 SMITH      CLERK           7902 17-DEC-80        800
        20         40 OPERATIONS     BOSTON

      7499 ALLEN      SALESMAN        7698 20-FEB-81       1600        300
        30         40 OPERATIONS     BOSTON

      7521 WARD       SALESMAN        7698 22-FEB-81       1250        500
        30         40 OPERATIONS     BOSTON


     EMPNO ENAME      JOB              MGR HIREDATE         SAL       COMM
---------- ---------- --------- ---------- --------- ---------- ----------
    DEPTNO     DEPTNO DNAME          LOC
---------- ---------- -------------- -------------
      7566 JONES      MANAGER         7839 02-APR-81       2975
        20         40 OPERATIONS     BOSTON

      7654 MARTIN     SALESMAN        7698 28-SEP-81       1250       1400
        30         40 OPERATIONS     BOSTON

      7698 BLAKE      MANAGER         7839 01-MAY-81       2850
        30         40 OPERATIONS     BOSTON


     EMPNO ENAME      JOB              MGR HIREDATE         SAL       COMM
---------- ---------- --------- ---------- --------- ---------- ----------
    DEPTNO     DEPTNO DNAME          LOC
---------- ---------- -------------- -------------
      7782 CLARK      MANAGER         7839 09-JUN-81       2450
        10         40 OPERATIONS     BOSTON

      7788 SCOTT      ANALYST         7566 19-APR-87       3000
        20         40 OPERATIONS     BOSTON

      7839 KING       PRESIDENT            17-NOV-81       5000
        10         40 OPERATIONS     BOSTON


     EMPNO ENAME      JOB              MGR HIREDATE         SAL       COMM
---------- ---------- --------- ---------- --------- ---------- ----------
    DEPTNO     DEPTNO DNAME          LOC
---------- ---------- -------------- -------------
      7844 TURNER     SALESMAN        7698 08-SEP-81       1500          0
        30         40 OPERATIONS     BOSTON

      7876 ADAMS      CLERK           7788 23-MAY-87       1100
        20         40 OPERATIONS     BOSTON

      7900 JAMES      CLERK           7698 03-DEC-81        950
        30         40 OPERATIONS     BOSTON


     EMPNO ENAME      JOB              MGR HIREDATE         SAL       COMM
---------- ---------- --------- ---------- --------- ---------- ----------
    DEPTNO     DEPTNO DNAME          LOC
---------- ---------- -------------- -------------
      7902 FORD       ANALYST         7566 03-DEC-81       3000
        20         40 OPERATIONS     BOSTON

      7934 MILLER     CLERK           7782 23-JAN-82       1300
        10         40 OPERATIONS     BOSTON


56 rows selected.

SQL> SELECT EMPNO, ENAME. SAL. EMP.DEPTNO, DEPT. DEPTNO, DNAME, LOC FROM EMP, DEPT;
SELECT EMPNO, ENAME. SAL. EMP.DEPTNO, DEPT. DEPTNO, DNAME, LOC FROM EMP, DEPT
              *
ERROR at line 1:
ORA-00904: "ENAME"."SAL"."EMP"."DEPTNO": invalid identifier


SQL> SELECT EMPNO, ENAME, SAL, EMP.DEPTNO, DEPT. DEPTNO, DNAME, LOC FROM EMP, DEPT;

     EMPNO ENAME             SAL     DEPTNO     DEPTNO DNAME
---------- ---------- ---------- ---------- ---------- --------------
LOC
-------------
      7369 SMITH             800         20         10 ACCOUNTING
NEW YORK

      7499 ALLEN            1600         30         10 ACCOUNTING
NEW YORK

      7521 WARD             1250         30         10 ACCOUNTING
NEW YORK


     EMPNO ENAME             SAL     DEPTNO     DEPTNO DNAME
---------- ---------- ---------- ---------- ---------- --------------
LOC
-------------
      7566 JONES            2975         20         10 ACCOUNTING
NEW YORK

      7654 MARTIN           1250         30         10 ACCOUNTING
NEW YORK

      7698 BLAKE            2850         30         10 ACCOUNTING
NEW YORK


     EMPNO ENAME             SAL     DEPTNO     DEPTNO DNAME
---------- ---------- ---------- ---------- ---------- --------------
LOC
-------------
      7782 CLARK            2450         10         10 ACCOUNTING
NEW YORK

      7788 SCOTT            3000         20         10 ACCOUNTING
NEW YORK

      7839 KING             5000         10         10 ACCOUNTING
NEW YORK


     EMPNO ENAME             SAL     DEPTNO     DEPTNO DNAME
---------- ---------- ---------- ---------- ---------- --------------
LOC
-------------
      7844 TURNER           1500         30         10 ACCOUNTING
NEW YORK

      7876 ADAMS            1100         20         10 ACCOUNTING
NEW YORK

      7900 JAMES             950         30         10 ACCOUNTING
NEW YORK


     EMPNO ENAME             SAL     DEPTNO     DEPTNO DNAME
---------- ---------- ---------- ---------- ---------- --------------
LOC
-------------
      7902 FORD             3000         20         10 ACCOUNTING
NEW YORK

      7934 MILLER           1300         10         10 ACCOUNTING
NEW YORK

      7369 SMITH             800         20         20 RESEARCH
DALLAS


     EMPNO ENAME             SAL     DEPTNO     DEPTNO DNAME
---------- ---------- ---------- ---------- ---------- --------------
LOC
-------------
      7499 ALLEN            1600         30         20 RESEARCH
DALLAS

      7521 WARD             1250         30         20 RESEARCH
DALLAS

      7566 JONES            2975         20         20 RESEARCH
DALLAS


     EMPNO ENAME             SAL     DEPTNO     DEPTNO DNAME
---------- ---------- ---------- ---------- ---------- --------------
LOC
-------------
      7654 MARTIN           1250         30         20 RESEARCH
DALLAS

      7698 BLAKE            2850         30         20 RESEARCH
DALLAS

      7782 CLARK            2450         10         20 RESEARCH
DALLAS


     EMPNO ENAME             SAL     DEPTNO     DEPTNO DNAME
---------- ---------- ---------- ---------- ---------- --------------
LOC
-------------
      7788 SCOTT            3000         20         20 RESEARCH
DALLAS

      7839 KING             5000         10         20 RESEARCH
DALLAS

      7844 TURNER           1500         30         20 RESEARCH
DALLAS


     EMPNO ENAME             SAL     DEPTNO     DEPTNO DNAME
---------- ---------- ---------- ---------- ---------- --------------
LOC
-------------
      7876 ADAMS            1100         20         20 RESEARCH
DALLAS

      7900 JAMES             950         30         20 RESEARCH
DALLAS

      7902 FORD             3000         20         20 RESEARCH
DALLAS


     EMPNO ENAME             SAL     DEPTNO     DEPTNO DNAME
---------- ---------- ---------- ---------- ---------- --------------
LOC
-------------
      7934 MILLER           1300         10         20 RESEARCH
DALLAS

      7369 SMITH             800         20         30 SALES
CHICAGO

      7499 ALLEN            1600         30         30 SALES
CHICAGO


     EMPNO ENAME             SAL     DEPTNO     DEPTNO DNAME
---------- ---------- ---------- ---------- ---------- --------------
LOC
-------------
      7521 WARD             1250         30         30 SALES
CHICAGO

      7566 JONES            2975         20         30 SALES
CHICAGO

      7654 MARTIN           1250         30         30 SALES
CHICAGO


     EMPNO ENAME             SAL     DEPTNO     DEPTNO DNAME
---------- ---------- ---------- ---------- ---------- --------------
LOC
-------------
      7698 BLAKE            2850         30         30 SALES
CHICAGO

      7782 CLARK            2450         10         30 SALES
CHICAGO

      7788 SCOTT            3000         20         30 SALES
CHICAGO


     EMPNO ENAME             SAL     DEPTNO     DEPTNO DNAME
---------- ---------- ---------- ---------- ---------- --------------
LOC
-------------
      7839 KING             5000         10         30 SALES
CHICAGO

      7844 TURNER           1500         30         30 SALES
CHICAGO

      7876 ADAMS            1100         20         30 SALES
CHICAGO


     EMPNO ENAME             SAL     DEPTNO     DEPTNO DNAME
---------- ---------- ---------- ---------- ---------- --------------
LOC
-------------
      7900 JAMES             950         30         30 SALES
CHICAGO

      7902 FORD             3000         20         30 SALES
CHICAGO

      7934 MILLER           1300         10         30 SALES
CHICAGO


     EMPNO ENAME             SAL     DEPTNO     DEPTNO DNAME
---------- ---------- ---------- ---------- ---------- --------------
LOC
-------------
      7369 SMITH             800         20         40 OPERATIONS
BOSTON

      7499 ALLEN            1600         30         40 OPERATIONS
BOSTON

      7521 WARD             1250         30         40 OPERATIONS
BOSTON


     EMPNO ENAME             SAL     DEPTNO     DEPTNO DNAME
---------- ---------- ---------- ---------- ---------- --------------
LOC
-------------
      7566 JONES            2975         20         40 OPERATIONS
BOSTON

      7654 MARTIN           1250         30         40 OPERATIONS
BOSTON

      7698 BLAKE            2850         30         40 OPERATIONS
BOSTON


     EMPNO ENAME             SAL     DEPTNO     DEPTNO DNAME
---------- ---------- ---------- ---------- ---------- --------------
LOC
-------------
      7782 CLARK            2450         10         40 OPERATIONS
BOSTON

      7788 SCOTT            3000         20         40 OPERATIONS
BOSTON

      7839 KING             5000         10         40 OPERATIONS
BOSTON


     EMPNO ENAME             SAL     DEPTNO     DEPTNO DNAME
---------- ---------- ---------- ---------- ---------- --------------
LOC
-------------
      7844 TURNER           1500         30         40 OPERATIONS
BOSTON

      7876 ADAMS            1100         20         40 OPERATIONS
BOSTON

      7900 JAMES             950         30         40 OPERATIONS
BOSTON


     EMPNO ENAME             SAL     DEPTNO     DEPTNO DNAME
---------- ---------- ---------- ---------- ---------- --------------
LOC
-------------
      7902 FORD             3000         20         40 OPERATIONS
BOSTON

      7934 MILLER           1300         10         40 OPERATIONS
BOSTON


56 rows selected.

SQL> SELECT EMPNO, ENAME, SAL, EMP.DEPTNO, DEPT. DEPTNO, DNAME, LOC FROM EMP CROSS JOIN DEPT;

     EMPNO ENAME             SAL     DEPTNO     DEPTNO DNAME
---------- ---------- ---------- ---------- ---------- --------------
LOC
-------------
      7369 SMITH             800         20         10 ACCOUNTING
NEW YORK

      7499 ALLEN            1600         30         10 ACCOUNTING
NEW YORK

      7521 WARD             1250         30         10 ACCOUNTING
NEW YORK


     EMPNO ENAME             SAL     DEPTNO     DEPTNO DNAME
---------- ---------- ---------- ---------- ---------- --------------
LOC
-------------
      7566 JONES            2975         20         10 ACCOUNTING
NEW YORK

      7654 MARTIN           1250         30         10 ACCOUNTING
NEW YORK

      7698 BLAKE            2850         30         10 ACCOUNTING
NEW YORK


     EMPNO ENAME             SAL     DEPTNO     DEPTNO DNAME
---------- ---------- ---------- ---------- ---------- --------------
LOC
-------------
      7782 CLARK            2450         10         10 ACCOUNTING
NEW YORK

      7788 SCOTT            3000         20         10 ACCOUNTING
NEW YORK

      7839 KING             5000         10         10 ACCOUNTING
NEW YORK


     EMPNO ENAME             SAL     DEPTNO     DEPTNO DNAME
---------- ---------- ---------- ---------- ---------- --------------
LOC
-------------
      7844 TURNER           1500         30         10 ACCOUNTING
NEW YORK

      7876 ADAMS            1100         20         10 ACCOUNTING
NEW YORK

      7900 JAMES             950         30         10 ACCOUNTING
NEW YORK


     EMPNO ENAME             SAL     DEPTNO     DEPTNO DNAME
---------- ---------- ---------- ---------- ---------- --------------
LOC
-------------
      7902 FORD             3000         20         10 ACCOUNTING
NEW YORK

      7934 MILLER           1300         10         10 ACCOUNTING
NEW YORK

      7369 SMITH             800         20         20 RESEARCH
DALLAS


     EMPNO ENAME             SAL     DEPTNO     DEPTNO DNAME
---------- ---------- ---------- ---------- ---------- --------------
LOC
-------------
      7499 ALLEN            1600         30         20 RESEARCH
DALLAS

      7521 WARD             1250         30         20 RESEARCH
DALLAS

      7566 JONES            2975         20         20 RESEARCH
DALLAS


     EMPNO ENAME             SAL     DEPTNO     DEPTNO DNAME
---------- ---------- ---------- ---------- ---------- --------------
LOC
-------------
      7654 MARTIN           1250         30         20 RESEARCH
DALLAS

      7698 BLAKE            2850         30         20 RESEARCH
DALLAS

      7782 CLARK            2450         10         20 RESEARCH
DALLAS


     EMPNO ENAME             SAL     DEPTNO     DEPTNO DNAME
---------- ---------- ---------- ---------- ---------- --------------
LOC
-------------
      7788 SCOTT            3000         20         20 RESEARCH
DALLAS

      7839 KING             5000         10         20 RESEARCH
DALLAS

      7844 TURNER           1500         30         20 RESEARCH
DALLAS


     EMPNO ENAME             SAL     DEPTNO     DEPTNO DNAME
---------- ---------- ---------- ---------- ---------- --------------
LOC
-------------
      7876 ADAMS            1100         20         20 RESEARCH
DALLAS

      7900 JAMES             950         30         20 RESEARCH
DALLAS

      7902 FORD             3000         20         20 RESEARCH
DALLAS


     EMPNO ENAME             SAL     DEPTNO     DEPTNO DNAME
---------- ---------- ---------- ---------- ---------- --------------
LOC
-------------
      7934 MILLER           1300         10         20 RESEARCH
DALLAS

      7369 SMITH             800         20         30 SALES
CHICAGO

      7499 ALLEN            1600         30         30 SALES
CHICAGO


     EMPNO ENAME             SAL     DEPTNO     DEPTNO DNAME
---------- ---------- ---------- ---------- ---------- --------------
LOC
-------------
      7521 WARD             1250         30         30 SALES
CHICAGO

      7566 JONES            2975         20         30 SALES
CHICAGO

      7654 MARTIN           1250         30         30 SALES
CHICAGO


     EMPNO ENAME             SAL     DEPTNO     DEPTNO DNAME
---------- ---------- ---------- ---------- ---------- --------------
LOC
-------------
      7698 BLAKE            2850         30         30 SALES
CHICAGO

      7782 CLARK            2450         10         30 SALES
CHICAGO

      7788 SCOTT            3000         20         30 SALES
CHICAGO


     EMPNO ENAME             SAL     DEPTNO     DEPTNO DNAME
---------- ---------- ---------- ---------- ---------- --------------
LOC
-------------
      7839 KING             5000         10         30 SALES
CHICAGO

      7844 TURNER           1500         30         30 SALES
CHICAGO

      7876 ADAMS            1100         20         30 SALES
CHICAGO


     EMPNO ENAME             SAL     DEPTNO     DEPTNO DNAME
---------- ---------- ---------- ---------- ---------- --------------
LOC
-------------
      7900 JAMES             950         30         30 SALES
CHICAGO

      7902 FORD             3000         20         30 SALES
CHICAGO

      7934 MILLER           1300         10         30 SALES
CHICAGO


     EMPNO ENAME             SAL     DEPTNO     DEPTNO DNAME
---------- ---------- ---------- ---------- ---------- --------------
LOC
-------------
      7369 SMITH             800         20         40 OPERATIONS
BOSTON

      7499 ALLEN            1600         30         40 OPERATIONS
BOSTON

      7521 WARD             1250         30         40 OPERATIONS
BOSTON


     EMPNO ENAME             SAL     DEPTNO     DEPTNO DNAME
---------- ---------- ---------- ---------- ---------- --------------
LOC
-------------
      7566 JONES            2975         20         40 OPERATIONS
BOSTON

      7654 MARTIN           1250         30         40 OPERATIONS
BOSTON

      7698 BLAKE            2850         30         40 OPERATIONS
BOSTON


     EMPNO ENAME             SAL     DEPTNO     DEPTNO DNAME
---------- ---------- ---------- ---------- ---------- --------------
LOC
-------------
      7782 CLARK            2450         10         40 OPERATIONS
BOSTON

      7788 SCOTT            3000         20         40 OPERATIONS
BOSTON

      7839 KING             5000         10         40 OPERATIONS
BOSTON


     EMPNO ENAME             SAL     DEPTNO     DEPTNO DNAME
---------- ---------- ---------- ---------- ---------- --------------
LOC
-------------
      7844 TURNER           1500         30         40 OPERATIONS
BOSTON

      7876 ADAMS            1100         20         40 OPERATIONS
BOSTON

      7900 JAMES             950         30         40 OPERATIONS
BOSTON


     EMPNO ENAME             SAL     DEPTNO     DEPTNO DNAME
---------- ---------- ---------- ---------- ---------- --------------
LOC
-------------
      7902 FORD             3000         20         40 OPERATIONS
BOSTON

      7934 MILLER           1300         10         40 OPERATIONS
BOSTON


56 rows selected.

SQL> SELECT EMPNO, ENAME, SAL, EMP.DEPTNO, DEPT. DEPTNO, DNAME, LOC FROM EMP CROSS JOIN DEPT WHERE EMP.DEPTNO= DEPT.DEPTNO;

     EMPNO ENAME             SAL     DEPTNO     DEPTNO DNAME
---------- ---------- ---------- ---------- ---------- --------------
LOC
-------------
      7369 SMITH             800         20         20 RESEARCH
DALLAS

      7499 ALLEN            1600         30         30 SALES
CHICAGO

      7521 WARD             1250         30         30 SALES
CHICAGO


     EMPNO ENAME             SAL     DEPTNO     DEPTNO DNAME
---------- ---------- ---------- ---------- ---------- --------------
LOC
-------------
      7566 JONES            2975         20         20 RESEARCH
DALLAS

      7654 MARTIN           1250         30         30 SALES
CHICAGO

      7698 BLAKE            2850         30         30 SALES
CHICAGO


     EMPNO ENAME             SAL     DEPTNO     DEPTNO DNAME
---------- ---------- ---------- ---------- ---------- --------------
LOC
-------------
      7782 CLARK            2450         10         10 ACCOUNTING
NEW YORK

      7788 SCOTT            3000         20         20 RESEARCH
DALLAS

      7839 KING             5000         10         10 ACCOUNTING
NEW YORK


     EMPNO ENAME             SAL     DEPTNO     DEPTNO DNAME
---------- ---------- ---------- ---------- ---------- --------------
LOC
-------------
      7844 TURNER           1500         30         30 SALES
CHICAGO

      7876 ADAMS            1100         20         20 RESEARCH
DALLAS

      7900 JAMES             950         30         30 SALES
CHICAGO


     EMPNO ENAME             SAL     DEPTNO     DEPTNO DNAME
---------- ---------- ---------- ---------- ---------- --------------
LOC
-------------
      7902 FORD             3000         20         20 RESEARCH
DALLAS

      7934 MILLER           1300         10         10 ACCOUNTING
NEW YORK


14 rows selected.

SQL> SELECT EMPNO, ENAME, SAL, EMP.DEPTNO, DEPT. DEPTNO, DNAME, LOC FROM EMP INNER JOIN DEPT ON EMP.DEPTNO= DEPT.DEPTNO;

     EMPNO ENAME             SAL     DEPTNO     DEPTNO DNAME
---------- ---------- ---------- ---------- ---------- --------------
LOC
-------------
      7369 SMITH             800         20         20 RESEARCH
DALLAS

      7499 ALLEN            1600         30         30 SALES
CHICAGO

      7521 WARD             1250         30         30 SALES
CHICAGO


     EMPNO ENAME             SAL     DEPTNO     DEPTNO DNAME
---------- ---------- ---------- ---------- ---------- --------------
LOC
-------------
      7566 JONES            2975         20         20 RESEARCH
DALLAS

      7654 MARTIN           1250         30         30 SALES
CHICAGO

      7698 BLAKE            2850         30         30 SALES
CHICAGO


     EMPNO ENAME             SAL     DEPTNO     DEPTNO DNAME
---------- ---------- ---------- ---------- ---------- --------------
LOC
-------------
      7782 CLARK            2450         10         10 ACCOUNTING
NEW YORK

      7788 SCOTT            3000         20         20 RESEARCH
DALLAS

      7839 KING             5000         10         10 ACCOUNTING
NEW YORK


     EMPNO ENAME             SAL     DEPTNO     DEPTNO DNAME
---------- ---------- ---------- ---------- ---------- --------------
LOC
-------------
      7844 TURNER           1500         30         30 SALES
CHICAGO

      7876 ADAMS            1100         20         20 RESEARCH
DALLAS

      7900 JAMES             950         30         30 SALES
CHICAGO


     EMPNO ENAME             SAL     DEPTNO     DEPTNO DNAME
---------- ---------- ---------- ---------- ---------- --------------
LOC
-------------
      7902 FORD             3000         20         20 RESEARCH
DALLAS

      7934 MILLER           1300         10         10 ACCOUNTING
NEW YORK


14 rows selected.

SQL> SELECT EMPNO, ENAME, SAL, EMP.DEPTNO, DEPT. DEPTNO, DNAME, LOC FROM EMP, DEPT WHERE EMP.DEPTNO= DEPT.DEPTNO;

     EMPNO ENAME             SAL     DEPTNO     DEPTNO DNAME
---------- ---------- ---------- ---------- ---------- --------------
LOC
-------------
      7369 SMITH             800         20         20 RESEARCH
DALLAS

      7499 ALLEN            1600         30         30 SALES
CHICAGO

      7521 WARD             1250         30         30 SALES
CHICAGO


     EMPNO ENAME             SAL     DEPTNO     DEPTNO DNAME
---------- ---------- ---------- ---------- ---------- --------------
LOC
-------------
      7566 JONES            2975         20         20 RESEARCH
DALLAS

      7654 MARTIN           1250         30         30 SALES
CHICAGO

      7698 BLAKE            2850         30         30 SALES
CHICAGO


     EMPNO ENAME             SAL     DEPTNO     DEPTNO DNAME
---------- ---------- ---------- ---------- ---------- --------------
LOC
-------------
      7782 CLARK            2450         10         10 ACCOUNTING
NEW YORK

      7788 SCOTT            3000         20         20 RESEARCH
DALLAS

      7839 KING             5000         10         10 ACCOUNTING
NEW YORK


     EMPNO ENAME             SAL     DEPTNO     DEPTNO DNAME
---------- ---------- ---------- ---------- ---------- --------------
LOC
-------------
      7844 TURNER           1500         30         30 SALES
CHICAGO

      7876 ADAMS            1100         20         20 RESEARCH
DALLAS

      7900 JAMES             950         30         30 SALES
CHICAGO


     EMPNO ENAME             SAL     DEPTNO     DEPTNO DNAME
---------- ---------- ---------- ---------- ---------- --------------
LOC
-------------
      7902 FORD             3000         20         20 RESEARCH
DALLAS

      7934 MILLER           1300         10         10 ACCOUNTING
NEW YORK


14 rows selected.

SQL> SELECT EMPNO, ENAME, SAL, EMP.DEPTNO, DEPT. DEPTNO, DNAME, LOC FROM EMP, DEPT WHERE EMP.DEPTNO(+)= DEPT.DEPTNO;

     EMPNO ENAME             SAL     DEPTNO     DEPTNO DNAME
---------- ---------- ---------- ---------- ---------- --------------
LOC
-------------
      7369 SMITH             800         20         20 RESEARCH
DALLAS

      7499 ALLEN            1600         30         30 SALES
CHICAGO

      7521 WARD             1250         30         30 SALES
CHICAGO


     EMPNO ENAME             SAL     DEPTNO     DEPTNO DNAME
---------- ---------- ---------- ---------- ---------- --------------
LOC
-------------
      7566 JONES            2975         20         20 RESEARCH
DALLAS

      7654 MARTIN           1250         30         30 SALES
CHICAGO

      7698 BLAKE            2850         30         30 SALES
CHICAGO


     EMPNO ENAME             SAL     DEPTNO     DEPTNO DNAME
---------- ---------- ---------- ---------- ---------- --------------
LOC
-------------
      7782 CLARK            2450         10         10 ACCOUNTING
NEW YORK

      7788 SCOTT            3000         20         20 RESEARCH
DALLAS

      7839 KING             5000         10         10 ACCOUNTING
NEW YORK


     EMPNO ENAME             SAL     DEPTNO     DEPTNO DNAME
---------- ---------- ---------- ---------- ---------- --------------
LOC
-------------
      7844 TURNER           1500         30         30 SALES
CHICAGO

      7876 ADAMS            1100         20         20 RESEARCH
DALLAS

      7900 JAMES             950         30         30 SALES
CHICAGO


     EMPNO ENAME             SAL     DEPTNO     DEPTNO DNAME
---------- ---------- ---------- ---------- ---------- --------------
LOC
-------------
      7902 FORD             3000         20         20 RESEARCH
DALLAS

      7934 MILLER           1300         10         10 ACCOUNTING
NEW YORK

                                                    40 OPERATIONS
BOSTON


15 rows selected.

SQL> SELECT EMPNO, ENAME, SAL, EMP.DEPTNO, DEPT. DEPTNO, DNAME, LOC FROM EMP, DEPT WHERE EMP.DEPTNO= DEPT.DEPTNO(+);

     EMPNO ENAME             SAL     DEPTNO     DEPTNO DNAME
---------- ---------- ---------- ---------- ---------- --------------
LOC
-------------
      7934 MILLER           1300         10         10 ACCOUNTING
NEW YORK

      7839 KING             5000         10         10 ACCOUNTING
NEW YORK

      7782 CLARK            2450         10         10 ACCOUNTING
NEW YORK


     EMPNO ENAME             SAL     DEPTNO     DEPTNO DNAME
---------- ---------- ---------- ---------- ---------- --------------
LOC
-------------
      7902 FORD             3000         20         20 RESEARCH
DALLAS

      7876 ADAMS            1100         20         20 RESEARCH
DALLAS

      7788 SCOTT            3000         20         20 RESEARCH
DALLAS


     EMPNO ENAME             SAL     DEPTNO     DEPTNO DNAME
---------- ---------- ---------- ---------- ---------- --------------
LOC
-------------
      7566 JONES            2975         20         20 RESEARCH
DALLAS

      7369 SMITH             800         20         20 RESEARCH
DALLAS

      7900 JAMES             950         30         30 SALES
CHICAGO


     EMPNO ENAME             SAL     DEPTNO     DEPTNO DNAME
---------- ---------- ---------- ---------- ---------- --------------
LOC
-------------
      7844 TURNER           1500         30         30 SALES
CHICAGO

      7698 BLAKE            2850         30         30 SALES
CHICAGO

      7654 MARTIN           1250         30         30 SALES
CHICAGO


     EMPNO ENAME             SAL     DEPTNO     DEPTNO DNAME
---------- ---------- ---------- ---------- ---------- --------------
LOC
-------------
      7521 WARD             1250         30         30 SALES
CHICAGO

      7499 ALLEN            1600         30         30 SALES
CHICAGO


14 rows selected.

SQL> SELECT EMPNO, ENAME, SAL, EMP.DEPTNO, DEPT. DEPTNO, DNAME, LOC FROM EMP e, DEPT d WHERE e.DEPTNO= d.DEPTNO(+);
SELECT EMPNO, ENAME, SAL, EMP.DEPTNO, DEPT. DEPTNO, DNAME, LOC FROM EMP e, DEPT d WHERE e.DEPTNO= d.DEPTNO(+)
                                      *
ERROR at line 1:
ORA-00904: "DEPT"."DEPTNO": invalid identifier


SQL> SELECT EMPNO, ENAME, SAL, e.DEPTNO, d. DEPTNO, DNAME, LOC FROM EMP e, DEPT d WHERE e.DEPTNO= d.DEPTNO;

     EMPNO ENAME             SAL     DEPTNO     DEPTNO DNAME
---------- ---------- ---------- ---------- ---------- --------------
LOC
-------------
      7369 SMITH             800         20         20 RESEARCH
DALLAS

      7499 ALLEN            1600         30         30 SALES
CHICAGO

      7521 WARD             1250         30         30 SALES
CHICAGO


     EMPNO ENAME             SAL     DEPTNO     DEPTNO DNAME
---------- ---------- ---------- ---------- ---------- --------------
LOC
-------------
      7566 JONES            2975         20         20 RESEARCH
DALLAS

      7654 MARTIN           1250         30         30 SALES
CHICAGO

      7698 BLAKE            2850         30         30 SALES
CHICAGO


     EMPNO ENAME             SAL     DEPTNO     DEPTNO DNAME
---------- ---------- ---------- ---------- ---------- --------------
LOC
-------------
      7782 CLARK            2450         10         10 ACCOUNTING
NEW YORK

      7788 SCOTT            3000         20         20 RESEARCH
DALLAS

      7839 KING             5000         10         10 ACCOUNTING
NEW YORK


     EMPNO ENAME             SAL     DEPTNO     DEPTNO DNAME
---------- ---------- ---------- ---------- ---------- --------------
LOC
-------------
      7844 TURNER           1500         30         30 SALES
CHICAGO

      7876 ADAMS            1100         20         20 RESEARCH
DALLAS

      7900 JAMES             950         30         30 SALES
CHICAGO


     EMPNO ENAME             SAL     DEPTNO     DEPTNO DNAME
---------- ---------- ---------- ---------- ---------- --------------
LOC
-------------
      7902 FORD             3000         20         20 RESEARCH
DALLAS

      7934 MILLER           1300         10         10 ACCOUNTING
NEW YORK


14 rows selected.

SQL> explain plan for select* from emp where ename= 'miller';

Explained.

SQL> select * from table(dbms_xplan.display);

PLAN_TABLE_OUTPUT
--------------------------------------------------------------------------------
Plan hash value: 3956160932

--------------------------------------------------------------------------
| Id  | Operation         | Name | Rows  | Bytes | Cost (%CPU)| Time     |
--------------------------------------------------------------------------
|   0 | SELECT STATEMENT  |      |     1 |    87 |     2   (0)| 00:00:01 |
|*  1 |  TABLE ACCESS FULL| EMP  |     1 |    87 |     2   (0)| 00:00:01 |
--------------------------------------------------------------------------

Predicate Information (identified by operation id):
---------------------------------------------------

PLAN_TABLE_OUTPUT
--------------------------------------------------------------------------------

   1 - filter("ENAME"='miller')

Note
-----
   - dynamic sampling used for this statement (level=2)

17 rows selected.

SQL> explain plan for select* from emp where empno= 7900;

Explained.

SQL> select * from table(dbms_xplan.display);

PLAN_TABLE_OUTPUT
--------------------------------------------------------------------------------
Plan hash value: 2949544139

--------------------------------------------------------------------------------
------

| Id  | Operation                   | Name   | Rows  | Bytes | Cost (%CPU)| Time
     |

--------------------------------------------------------------------------------
------


PLAN_TABLE_OUTPUT
--------------------------------------------------------------------------------
|   0 | SELECT STATEMENT            |        |     1 |    87 |     1   (0)| 00:0
0:01 |

|   1 |  TABLE ACCESS BY INDEX ROWID| EMP    |     1 |    87 |     1   (0)| 00:0
0:01 |

|*  2 |   INDEX UNIQUE SCAN         | PK_EMP |     1 |       |     1   (0)| 00:0
0:01 |

--------------------------------------------------------------------------------
------

PLAN_TABLE_OUTPUT
--------------------------------------------------------------------------------


Predicate Information (identified by operation id):
---------------------------------------------------

   2 - access("EMPNO"=7900)

14 rows selected.

SQL> SELECT e.empno, e.ename, e.sal, e.mgr, m.empno, m.ename
  2  FROM emp e, emp m
  3  WHERE e.mgr= m.empno;

     EMPNO ENAME             SAL        MGR      EMPNO ENAME
---------- ---------- ---------- ---------- ---------- ----------
      7902 FORD             3000       7566       7566 JONES
      7788 SCOTT            3000       7566       7566 JONES
      7900 JAMES             950       7698       7698 BLAKE
      7844 TURNER           1500       7698       7698 BLAKE
      7654 MARTIN           1250       7698       7698 BLAKE
      7521 WARD             1250       7698       7698 BLAKE
      7499 ALLEN            1600       7698       7698 BLAKE
      7934 MILLER           1300       7782       7782 CLARK
      7876 ADAMS            1100       7788       7788 SCOTT
      7782 CLARK            2450       7839       7839 KING
      7698 BLAKE            2850       7839       7839 KING

     EMPNO ENAME             SAL        MGR      EMPNO ENAME
---------- ---------- ---------- ---------- ---------- ----------
      7566 JONES            2975       7839       7839 KING
      7369 SMITH             800       7902       7902 FORD

13 rows selected.

SQL> SELECT e.empno, e.ename, e.sal, e.mgr, m.empno, m.ename
  2  FROM emp e INNER JOIN emp m
  3  ON e.mgr= m.empno;

     EMPNO ENAME             SAL        MGR      EMPNO ENAME
---------- ---------- ---------- ---------- ---------- ----------
      7902 FORD             3000       7566       7566 JONES
      7788 SCOTT            3000       7566       7566 JONES
      7900 JAMES             950       7698       7698 BLAKE
      7844 TURNER           1500       7698       7698 BLAKE
      7654 MARTIN           1250       7698       7698 BLAKE
      7521 WARD             1250       7698       7698 BLAKE
      7499 ALLEN            1600       7698       7698 BLAKE
      7934 MILLER           1300       7782       7782 CLARK
      7876 ADAMS            1100       7788       7788 SCOTT
      7782 CLARK            2450       7839       7839 KING
      7698 BLAKE            2850       7839       7839 KING

     EMPNO ENAME             SAL        MGR      EMPNO ENAME
---------- ---------- ---------- ---------- ---------- ----------
      7566 JONES            2975       7839       7839 KING
      7369 SMITH             800       7902       7902 FORD

13 rows selected.

SQL> SELECT * FROM SALGRADE'
  2  ;
ERROR:
ORA-01756: quoted string not properly terminated


SQL> SELECT * FROM SALGRADE;

     GRADE      LOSAL      HISAL
---------- ---------- ----------
         1        700       1200
         2       1201       1400
         3       1401       2000
         4       2001       3000
         5       3001       9999
         1        700       1200
         2       1201       1400
         3       1401       2000
         4       2001       3000
         5       3001       9999

10 rows selected.

SQL> SELECT ENAME, SAL, GRADE FROM EMP, SALGRADE WHERE SAL>= LOSAL AND SAL<= HISAL
  2  ;

ENAME             SAL      GRADE
---------- ---------- ----------
SMITH             800          1
JAMES             950          1
ADAMS            1100          1
SMITH             800          1
JAMES             950          1
ADAMS            1100          1
WARD             1250          2
MARTIN           1250          2
MILLER           1300          2
WARD             1250          2
MARTIN           1250          2

ENAME             SAL      GRADE
---------- ---------- ----------
MILLER           1300          2
TURNER           1500          3
ALLEN            1600          3
TURNER           1500          3
ALLEN            1600          3
CLARK            2450          4
BLAKE            2850          4
JONES            2975          4
SCOTT            3000          4
FORD             3000          4
CLARK            2450          4

ENAME             SAL      GRADE
---------- ---------- ----------
BLAKE            2850          4
JONES            2975          4
SCOTT            3000          4
FORD             3000          4
KING             5000          5
KING             5000          5

28 rows selected.

SQL> SELECT ENAME, SAL, GRADE FROM EMP INNER JOIN SALGRADE ON SAL>= LOSAL AND SAL<= HISAL;

ENAME             SAL      GRADE
---------- ---------- ----------
SMITH             800          1
JAMES             950          1
ADAMS            1100          1
SMITH             800          1
JAMES             950          1
ADAMS            1100          1
WARD             1250          2
MARTIN           1250          2
MILLER           1300          2
WARD             1250          2
MARTIN           1250          2

ENAME             SAL      GRADE
---------- ---------- ----------
MILLER           1300          2
TURNER           1500          3
ALLEN            1600          3
TURNER           1500          3
ALLEN            1600          3
CLARK            2450          4
BLAKE            2850          4
JONES            2975          4
SCOTT            3000          4
FORD             3000          4
CLARK            2450          4

ENAME             SAL      GRADE
---------- ---------- ----------
BLAKE            2850          4
JONES            2975          4
SCOTT            3000          4
FORD             3000          4
KING             5000          5
KING             5000          5

28 rows selected.

SQL> SELECT ENAME, SAL, GRADE, DNAME FROM EMP, DEPT, SALGRADE WHERE EMP.DEPTNO= DEPT.DEPTNO AND SAL BETWEEN LOSAL AND HISAL;

ENAME             SAL      GRADE DNAME
---------- ---------- ---------- --------------
SMITH             800          1 RESEARCH
JAMES             950          1 SALES
ADAMS            1100          1 RESEARCH
SMITH             800          1 RESEARCH
JAMES             950          1 SALES
ADAMS            1100          1 RESEARCH
WARD             1250          2 SALES
MARTIN           1250          2 SALES
MILLER           1300          2 ACCOUNTING
WARD             1250          2 SALES
MARTIN           1250          2 SALES

ENAME             SAL      GRADE DNAME
---------- ---------- ---------- --------------
MILLER           1300          2 ACCOUNTING
TURNER           1500          3 SALES
ALLEN            1600          3 SALES
TURNER           1500          3 SALES
ALLEN            1600          3 SALES
CLARK            2450          4 ACCOUNTING
BLAKE            2850          4 SALES
JONES            2975          4 RESEARCH
SCOTT            3000          4 RESEARCH
FORD             3000          4 RESEARCH
CLARK            2450          4 ACCOUNTING

ENAME             SAL      GRADE DNAME
---------- ---------- ---------- --------------
BLAKE            2850          4 SALES
JONES            2975          4 RESEARCH
SCOTT            3000          4 RESEARCH
FORD             3000          4 RESEARCH
KING             5000          5 ACCOUNTING
KING             5000          5 ACCOUNTING

28 rows selected.

SQL> SELECT ENAME, SAL, GRADE, DNAME FROM EMP INNER JOIN DEPT ON EMP.DEPTNO= DEPT.DEPTNO INNER JOIN SALGRADE ON SAL BETWEEN LOSAL AND HISAL;

ENAME             SAL      GRADE DNAME
---------- ---------- ---------- --------------
SMITH             800          1 RESEARCH
JAMES             950          1 SALES
ADAMS            1100          1 RESEARCH
SMITH             800          1 RESEARCH
JAMES             950          1 SALES
ADAMS            1100          1 RESEARCH
WARD             1250          2 SALES
MARTIN           1250          2 SALES
MILLER           1300          2 ACCOUNTING
WARD             1250          2 SALES
MARTIN           1250          2 SALES

ENAME             SAL      GRADE DNAME
---------- ---------- ---------- --------------
MILLER           1300          2 ACCOUNTING
TURNER           1500          3 SALES
ALLEN            1600          3 SALES
TURNER           1500          3 SALES
ALLEN            1600          3 SALES
CLARK            2450          4 ACCOUNTING
BLAKE            2850          4 SALES
JONES            2975          4 RESEARCH
SCOTT            3000          4 RESEARCH
FORD             3000          4 RESEARCH
CLARK            2450          4 ACCOUNTING

ENAME             SAL      GRADE DNAME
---------- ---------- ---------- --------------
BLAKE            2850          4 SALES
JONES            2975          4 RESEARCH
SCOTT            3000          4 RESEARCH
FORD             3000          4 RESEARCH
KING             5000          5 ACCOUNTING
KING             5000          5 ACCOUNTING

28 rows selected.

SQL> SELECT ENAME, SAL, GRADE, DNAME FROM EMP INNER JOIN DEPT ON EMP.DEPTNO= DEPT.DEPTNO INNER JOIN SALGRADE ON SAL BETWEEN LOSAL AND HISAL;


3/07/2019
SQL> SELECT * FROM EMP WHERE DEPTNO= (SELECT DEPTNO FROM EMP WHERE ENAME= 'MILLER');

     EMPNO ENAME      JOB              MGR HIREDATE         SAL       COMM     DEPTNO
---------- ---------- --------- ---------- --------- ---------- ---------- ----------
      7782 CLARK      MANAGER         7839 09-JUN-81       2450                    10
      7839 KING       PRESIDENT            17-NOV-81       5000                    10
      7934 MILLER     CLERK           7782 23-JAN-82       1300                    10

SQL> SELECT * FROM EMP WHERE JOB= (SELECT JOB FROM EMP WHERE ENAME= 'SCOTT');

     EMPNO ENAME      JOB              MGR HIREDATE         SAL       COMM     DEPTNO
---------- ---------- --------- ---------- --------- ---------- ---------- ----------
      7788 SCOTT      ANALYST         7566 19-APR-87       3000                    20
      7902 FORD       ANALYST         7566 03-DEC-81       3000                    20

WE CANNOT RETURN MULTIPLE RECORDS USING '='OPERATOR. USE 'IN' INSTEAD:

SQL> SELECT * FROM EMP WHERE DEPTNO= 10 AND JOB= (SELECT JOB FROM EMP WHERE DEPTNO= 30);
SELECT * FROM EMP WHERE DEPTNO= 10 AND JOB= (SELECT JOB FROM EMP WHERE DEPTNO= 30)

SQL> SELECT * FROM EMP WHERE DEPTNO= 10 AND JOB IN (SELECT JOB FROM EMP WHERE DEPTNO= 30);

     EMPNO ENAME      JOB              MGR HIREDATE         SAL       COMM     DEPTNO
---------- ---------- --------- ---------- --------- ---------- ---------- ----------
      7782 CLARK      MANAGER         7839 09-JUN-81       2450                    10
      7934 MILLER     CLERK           7782 23-JAN-82       1300                    10

EXISTS OPERATOR

SQL> SELECT *
  2  FROM EMP
  3  WHERE EXISTS(SELECT DEPTNO
  4  FROM EMP
  5  WHERE DEPTNO= 20
  6  GROUP BY DEPTNO
  7  HAVING COUNT(EMPNO)> 2);

     EMPNO ENAME      JOB              MGR HIREDATE         SAL       COMM
---------- ---------- --------- ---------- --------- ---------- ----------
    DEPTNO
----------
      7369 SMITH      CLERK           7902 17-DEC-80        800
        20

      7499 ALLEN      SALESMAN        7698 20-FEB-81       1600        300
        30

      7521 WARD       SALESMAN        7698 22-FEB-81       1250        500
        30


     EMPNO ENAME      JOB              MGR HIREDATE         SAL       COMM
---------- ---------- --------- ---------- --------- ---------- ----------
    DEPTNO
----------
      7566 JONES      MANAGER         7839 02-APR-81       2975
        20

      7654 MARTIN     SALESMAN        7698 28-SEP-81       1250       1400
        30

      7698 BLAKE      MANAGER         7839 01-MAY-81       2850
        30


     EMPNO ENAME      JOB              MGR HIREDATE         SAL       COMM
---------- ---------- --------- ---------- --------- ---------- ----------
    DEPTNO
----------
      7782 CLARK      MANAGER         7839 09-JUN-81       2450
        10

      7788 SCOTT      ANALYST         7566 19-APR-87       3000
        20

      7839 KING       PRESIDENT            17-NOV-81       5000
        10


     EMPNO ENAME      JOB              MGR HIREDATE         SAL       COMM
---------- ---------- --------- ---------- --------- ---------- ----------
    DEPTNO
----------
      7844 TURNER     SALESMAN        7698 08-SEP-81       1500          0
        30

      7876 ADAMS      CLERK           7788 23-MAY-87       1100
        20

      7900 JAMES      CLERK           7698 03-DEC-81        950
        30


     EMPNO ENAME      JOB              MGR HIREDATE         SAL       COMM
---------- ---------- --------- ---------- --------- ---------- ----------
    DEPTNO
----------
      7902 FORD       ANALYST         7566 03-DEC-81       3000
        20

      7934 MILLER     CLERK           7782 23-JAN-82       1300
        10


14 rows selected.

SAME RESULT CAN BE OBTAINED BY USING :

SQL> SELECT * FROM EMP WHERE (SELECT COUNT(*) FROM EMP WHERE DEPTNO= 20)> 2;

     EMPNO ENAME      JOB              MGR HIREDATE         SAL       COMM     DEPTNO
---------- ---------- --------- ---------- --------- ---------- ---------- ----------
      7369 SMITH      CLERK           7902 17-DEC-80        800                    20
      7499 ALLEN      SALESMAN        7698 20-FEB-81       1600        300         30
      7521 WARD       SALESMAN        7698 22-FEB-81       1250        500         30
      7566 JONES      MANAGER         7839 02-APR-81       2975                    20
      7654 MARTIN     SALESMAN        7698 28-SEP-81       1250       1400         30
      7698 BLAKE      MANAGER         7839 01-MAY-81       2850                    30
      7782 CLARK      MANAGER         7839 09-JUN-81       2450                    10
      7788 SCOTT      ANALYST         7566 19-APR-87       3000                    20
      7839 KING       PRESIDENT            17-NOV-81       5000                    10
      7844 TURNER     SALESMAN        7698 08-SEP-81       1500          0         30
      7876 ADAMS      CLERK           7788 23-MAY-87       1100                    20
      7900 JAMES      CLERK           7698 03-DEC-81        950                    30
      7902 FORD       ANALYST         7566 03-DEC-81       3000                    20
      7934 MILLER     CLERK           7782 23-JAN-82       1300                    10

14 rows selected.

SQL> SELECT ENAME FROM EMP WHERE SAL=
  2  (SELECT MAX(SAL)
  3  FROM EMP);

ENAME
----------
KING

TO FIND EMPLOYEES HAVING SECOND HIGHEST SAL:

SQL> SELECT MAX(SAL) FROM EMP WHERE SAL!=
  2  (SELECT MAX(SAL) FROM EMP);

  MAX(SAL)
----------
      3000
SQL> SELECT * FROM EMP WHERE SAL=
  2  (SELECT MAX(SAL) FROM EMP WHERE SAL!=
  3  (SELECT MAX(SAL) FROM EMP));

     EMPNO ENAME      JOB              MGR HIREDATE         SAL       COMM     DEPTNO
---------- ---------- --------- ---------- --------- ---------- ---------- ----------
      7788 SCOTT      ANALYST         7566 19-APR-87       3000                    20
      7902 FORD       ANALYST         7566 03-DEC-81       3000                    20

SELECT * FROM EMP WHERE SAL=
(SELECT MAX(SAL) FROM EMP WHERE SAL<
(SELECT MAX(SAL) FROM EMP WHERE SAL<
(SELECT MAX(SAL) FROM EMP)));

SQL> SELECT * FROM EMP WHERE SAL=
  2  (SELECT MAX(SAL) FROM EMP WHERE SAL!=
  3  (SELECT MAX(SAL) FROM EMP WHERE SAL!=
  4  (SELECT MAX(SAL) FROM EMP)));

     EMPNO ENAME      JOB              MGR HIREDATE         SAL       COMM     DEPTNO
---------- ---------- --------- ---------- --------- ---------- ---------- ----------
      7839 KING       PRESIDENT            17-NOV-81       5000                    10

SQL> SELECT * FROM EMP WHERE SAL=
  2  (SELECT MAX(SAL) FROM EMP WHERE SAL<
  3  (SELECT MAX(SAL) FROM EMP WHERE SAL<
  4  (SELECT MAX(SAL) FROM EMP)));

     EMPNO ENAME      JOB              MGR HIREDATE         SAL       COMM     DEPTNO
---------- ---------- --------- ---------- --------- ---------- ---------- ----------
      7566 JONES      MANAGER         7839 02-APR-81       2975                    20

PSEUDO COLUMN:

SQL> SELECT ROWNUM, ENAME, SAL FROM EMP;

    ROWNUM ENAME             SAL
---------- ---------- ----------
         1 SMITH             800
         2 ALLEN            1600
         3 WARD             1250
         4 JONES            2975
         5 MARTIN           1250
         6 BLAKE            2850
         7 CLARK            2450
         8 SCOTT            3000
         9 KING             5000
        10 TURNER           1500
        11 ADAMS            1100
        12 JAMES             950
        13 FORD             3000
        14 MILLER           1300

14 rows selected.

SELECT * FROM EMP
WHERE SAL= (
select min(sal) from 
(SELECT SAL FROM EMP ORDER BY SAL DESC)
WHERE ROWNUM< 4);

SQL> SELECT * FROM EMP
  2  WHERE SAL= (
  3  select min(sal) from
  4  (SELECT SAL FROM EMP ORDER BY SAL DESC)
  5  WHERE ROWNUM< 4);

     EMPNO ENAME      JOB              MGR HIREDATE         SAL       COMM     DEPTNO
---------- ---------- --------- ---------- --------- ---------- ---------- ----------
      7788 SCOTT      ANALYST         7566 19-APR-87       3000                    20
      7902 FORD       ANALYST         7566 03-DEC-81       3000                    20

TO FIND NTH HIGHEST SALARY:

SQL> SELECT * FROM EMP
  2  WHERE SAL= (
  3  select min(sal) from
  4  (SELECT DISTINCT SAL FROM EMP ORDER BY SAL DESC)
  5  WHERE ROWNUM< 4);

     EMPNO ENAME      JOB              MGR HIREDATE         SAL       COMM     DEPTNO
---------- ---------- --------- ---------- --------- ---------- ---------- ----------
      7566 JONES      MANAGER         7839 02-APR-81       2975                    20

TRANSACTION PROCESSING IN ORACLE
